st7789.c:8:13:ST7789_WriteCommand	24	static
st7789.c:42:13:ST7789_WriteSmallData	24	static
st7789.c:21:13:ST7789_WriteData	24	static
st7789.c:82:13:ST7789_SetAddressWindow	32	static
st7789.c:54:6:ST7789_SetRotation	8	static
st7789.c:176:6:ST7789_Fill_Color	32	static
st7789.c:113:6:ST7789_Init	32	static
st7789.c:194:6:ST7789_DrawPixel	24	static
st7789.c:212:6:ST7789_Fill	40	static
st7789.c:234:6:ST7789_DrawPixel_4px	32	static
st7789.c:249:6:ST7789_DrawLine	48	static
st7789.c:310:6:ST7789_DrawRectangle	40	static
st7789.c:327:6:ST7789_DrawCircle	56	static
st7789.c:370:6:ST7789_DrawImage	24	static
st7789.c:391:6:openImage	5416	static
st7789.c:462:6:ST7789_InvertColors	8	static
st7789.c:477:6:ST7789_WriteChar	56	static
st7789.c:507:6:ST7789_WriteString	48	static
st7789.c:538:6:ST7789_DrawFilledRectangle	40	static
st7789.c:571:6:ST7789_DrawTriangle	48	static
st7789.c:587:6:ST7789_DrawFilledTriangle	80	static
st7789.c:653:6:ST7789_DrawFilledCircle	56	static
st7789.c:691:6:ST7789_TearEffect	8	static
st7789.c:702:6:ST7789_Test	24	static
