usbd_conf.c:68:6:HAL_PCD_MspInit	48	static
usbd_conf.c:101:6:HAL_PCD_MspDeInit	8	static
usbd_conf.c:134:6:HAL_PCD_SetupStageCallback	0	static
usbd_conf.c:149:6:HAL_PCD_DataOutStageCallback	0	static
usbd_conf.c:164:6:HAL_PCD_DataInStageCallback	0	static
usbd_conf.c:178:6:HAL_PCD_SOFCallback	0	static
usbd_conf.c:192:6:HAL_PCD_ResetCallback	8	static
usbd_conf.c:217:6:HAL_PCD_SuspendCallback	8	static
usbd_conf.c:242:6:HAL_PCD_ResumeCallback	0	static
usbd_conf.c:260:6:HAL_PCD_ISOOUTIncompleteCallback	0	static
usbd_conf.c:275:6:HAL_PCD_ISOINIncompleteCallback	0	static
usbd_conf.c:289:6:HAL_PCD_ConnectCallback	0	static
usbd_conf.c:303:6:HAL_PCD_DisconnectCallback	0	static
usbd_conf.c:318:20:USBD_LL_Init	8	static
usbd_conf.c:369:20:USBD_LL_DeInit	8	static
usbd_conf.c:386:20:USBD_LL_Start	8	static
usbd_conf.c:403:20:USBD_LL_Stop	8	static
usbd_conf.c:423:20:USBD_LL_OpenEP	8	static
usbd_conf.c:441:20:USBD_LL_CloseEP	8	static
usbd_conf.c:459:20:USBD_LL_FlushEP	8	static
usbd_conf.c:477:20:USBD_LL_StallEP	8	static
usbd_conf.c:495:20:USBD_LL_ClearStallEP	8	static
usbd_conf.c:513:9:USBD_LL_IsStallEP	0	static
usbd_conf.c:533:20:USBD_LL_SetUSBAddress	8	static
usbd_conf.c:553:20:USBD_LL_Transmit	8	static
usbd_conf.c:573:20:USBD_LL_PrepareReceive	8	static
usbd_conf.c:591:10:USBD_LL_GetRxDataSize	0	static
usbd_conf.c:601:6:HAL_GPIO_EXTI_Callback	0	static
usbd_conf.c:614:6:USBD_LL_Delay	0	static
usbd_conf.c:624:20:USBD_Get_USB_Status	0	static
