minIni.c:146:15:ini_strncpy	24	static
minIni.c:581:12:cache_flush	32	static
minIni.c:556:13:writekey	24	static
minIni.c:129:15:skiptrailing	8	static
minIni.c:121:15:skipleading	8	static
minIni.c:138:15:striptrailing	8	static
minIni.c:192:15:cleanstring	16	static
minIni.c:225:12:getkeystring	312	static
minIni.c:541:13:writesection	16	static
minIni.c:310:5:ini_gets.part.5	4184	static
minIni.c:572:12:cache_accum.constprop	8	static
minIni.c:518:13:ini_tempname.constprop	8	static
minIni.c:610:12:close_rename	16	static
minIni.c:310:5:ini_gets	8	static
minIni.c:335:6:ini_getl	80	static
minIni.c:380:5:ini_getbool	32	static
minIni.c:405:6:ini_getsection	4176	static
minIni.c:431:6:ini_getkey	4184	static
minIni.c:463:5:ini_browse	4448	static
minIni.c:628:5:ini_puts	8616	static
minIni.c:853:5:ini_putl	56	static
