core_cm4.h:2064:26:ITM_SendChar	16	static,ignoring_inline_asm
main.c:122:5:_write	32	static
main.c:130:6:HAL_ADCEx_InjectedConvCpltCallback	16	static
main.c:162:6:HAL_TIM_OC_DelayElapsedCallback	16	static
main.c:169:12:handler	32	static
main.c:196:9:scan_files	136	static
main.c:243:5:main	296	static
main.c:444:6:SystemClock_Config	152	static
main.c:504:13:MX_ADC1_Init	56	static
main.c:586:13:MX_I2S2_Init	8	static
main.c:620:13:MX_SDIO_SD_Init	4	static
main.c:648:13:MX_SPI1_Init	8	static
main.c:686:13:MX_TIM1_Init	80	static
main.c:751:13:MX_TIM4_Init	48	static
main.c:799:13:MX_TIM8_Init	80	static
main.c:863:13:MX_USART3_UART_Init	8	static
main.c:894:13:MX_DMA_Init	16	static
main.c:916:13:MX_GPIO_Init	48	static
main.c:985:6:Error_Handler	4	static
