Archive member included to satisfy reference by file (symbol)

C:\Users\turum\GoogleDrive\Monofon\monofoneScreen_f412\Middlewares\ST\STM32_Audio\Addons\SRC236\Lib\libSRC236_CM4_GCC.a(src236.o)
                              Core/Src/player.o (src236_reset)
C:\Users\turum\GoogleDrive\Monofon\monofoneScreen_f412\Middlewares\ST\STM32_Audio\Addons\SRC441\Lib\libSRC441_CM4_GCC.a(src441.o)
                              Core/Src/player.o (src441_reset)
C:\Users\turum\GoogleDrive\Monofon\monofoneScreen_f412\Middlewares\ST\STM32_Audio\Addons\GAM\Lib\libGAM_CM4_GCC.a(gam.o)
                              Core/Src/player.o (gam_reset)
c:/st/stm32cubeide_1.4.0/stm32cubeide/plugins/com.st.stm32cube.ide.mcu.externaltools.gnu-tools-for-stm32.7-2018-q2-update.win32_1.4.0.202007081208/tools/bin/../lib/gcc/arm-none-eabi/7.3.1/../../../../arm-none-eabi/lib/thumb/v7e-m/fpv4-sp/hard\libc_nano.a(lib_a-assert.o)
                              Core/Src/minIni.o (__assert_func)
c:/st/stm32cubeide_1.4.0/stm32cubeide/plugins/com.st.stm32cube.ide.mcu.externaltools.gnu-tools-for-stm32.7-2018-q2-update.win32_1.4.0.202007081208/tools/bin/../lib/gcc/arm-none-eabi/7.3.1/../../../../arm-none-eabi/lib/thumb/v7e-m/fpv4-sp/hard\libc_nano.a(lib_a-atoi.o)
                              Core/Src/main.o (atoi)
c:/st/stm32cubeide_1.4.0/stm32cubeide/plugins/com.st.stm32cube.ide.mcu.externaltools.gnu-tools-for-stm32.7-2018-q2-update.win32_1.4.0.202007081208/tools/bin/../lib/gcc/arm-none-eabi/7.3.1/../../../../arm-none-eabi/lib/thumb/v7e-m/fpv4-sp/hard\libc_nano.a(lib_a-errno.o)
                              Core/Src/syscalls.o (__errno)
c:/st/stm32cubeide_1.4.0/stm32cubeide/plugins/com.st.stm32cube.ide.mcu.externaltools.gnu-tools-for-stm32.7-2018-q2-update.win32_1.4.0.202007081208/tools/bin/../lib/gcc/arm-none-eabi/7.3.1/../../../../arm-none-eabi/lib/thumb/v7e-m/fpv4-sp/hard\libc_nano.a(lib_a-exit.o)
                              c:/st/stm32cubeide_1.4.0/stm32cubeide/plugins/com.st.stm32cube.ide.mcu.externaltools.gnu-tools-for-stm32.7-2018-q2-update.win32_1.4.0.202007081208/tools/bin/../lib/gcc/arm-none-eabi/7.3.1/../../../../arm-none-eabi/lib/thumb/v7e-m/fpv4-sp/hard/crt0.o (exit)
c:/st/stm32cubeide_1.4.0/stm32cubeide/plugins/com.st.stm32cube.ide.mcu.externaltools.gnu-tools-for-stm32.7-2018-q2-update.win32_1.4.0.202007081208/tools/bin/../lib/gcc/arm-none-eabi/7.3.1/../../../../arm-none-eabi/lib/thumb/v7e-m/fpv4-sp/hard\libc_nano.a(lib_a-fclose.o)
                              Core/Src/ini.o (fclose)
c:/st/stm32cubeide_1.4.0/stm32cubeide/plugins/com.st.stm32cube.ide.mcu.externaltools.gnu-tools-for-stm32.7-2018-q2-update.win32_1.4.0.202007081208/tools/bin/../lib/gcc/arm-none-eabi/7.3.1/../../../../arm-none-eabi/lib/thumb/v7e-m/fpv4-sp/hard\libc_nano.a(lib_a-fflush.o)
                              c:/st/stm32cubeide_1.4.0/stm32cubeide/plugins/com.st.stm32cube.ide.mcu.externaltools.gnu-tools-for-stm32.7-2018-q2-update.win32_1.4.0.202007081208/tools/bin/../lib/gcc/arm-none-eabi/7.3.1/../../../../arm-none-eabi/lib/thumb/v7e-m/fpv4-sp/hard\libc_nano.a(lib_a-fclose.o) (__sflush_r)
c:/st/stm32cubeide_1.4.0/stm32cubeide/plugins/com.st.stm32cube.ide.mcu.externaltools.gnu-tools-for-stm32.7-2018-q2-update.win32_1.4.0.202007081208/tools/bin/../lib/gcc/arm-none-eabi/7.3.1/../../../../arm-none-eabi/lib/thumb/v7e-m/fpv4-sp/hard\libc_nano.a(lib_a-fgets.o)
                              Core/Src/ini.o (fgets)
c:/st/stm32cubeide_1.4.0/stm32cubeide/plugins/com.st.stm32cube.ide.mcu.externaltools.gnu-tools-for-stm32.7-2018-q2-update.win32_1.4.0.202007081208/tools/bin/../lib/gcc/arm-none-eabi/7.3.1/../../../../arm-none-eabi/lib/thumb/v7e-m/fpv4-sp/hard\libc_nano.a(lib_a-findfp.o)
                              c:/st/stm32cubeide_1.4.0/stm32cubeide/plugins/com.st.stm32cube.ide.mcu.externaltools.gnu-tools-for-stm32.7-2018-q2-update.win32_1.4.0.202007081208/tools/bin/../lib/gcc/arm-none-eabi/7.3.1/../../../../arm-none-eabi/lib/thumb/v7e-m/fpv4-sp/hard\libc_nano.a(lib_a-fclose.o) (__sinit)
c:/st/stm32cubeide_1.4.0/stm32cubeide/plugins/com.st.stm32cube.ide.mcu.externaltools.gnu-tools-for-stm32.7-2018-q2-update.win32_1.4.0.202007081208/tools/bin/../lib/gcc/arm-none-eabi/7.3.1/../../../../arm-none-eabi/lib/thumb/v7e-m/fpv4-sp/hard\libc_nano.a(lib_a-fopen.o)
                              Core/Src/ini.o (fopen)
c:/st/stm32cubeide_1.4.0/stm32cubeide/plugins/com.st.stm32cube.ide.mcu.externaltools.gnu-tools-for-stm32.7-2018-q2-update.win32_1.4.0.202007081208/tools/bin/../lib/gcc/arm-none-eabi/7.3.1/../../../../arm-none-eabi/lib/thumb/v7e-m/fpv4-sp/hard\libc_nano.a(lib_a-fprintf.o)
                              c:/st/stm32cubeide_1.4.0/stm32cubeide/plugins/com.st.stm32cube.ide.mcu.externaltools.gnu-tools-for-stm32.7-2018-q2-update.win32_1.4.0.202007081208/tools/bin/../lib/gcc/arm-none-eabi/7.3.1/../../../../arm-none-eabi/lib/thumb/v7e-m/fpv4-sp/hard\libc_nano.a(lib_a-assert.o) (fiprintf)
[...]
Memory Configuration

Name             Origin             Length             Attributes
RAM              0x0000000020000000 0x0000000000040000 xrw
FLASH            0x0000000008000000 0x0000000000080000 xr
*default*        0x0000000000000000 0xffffffffffffffff

Linker script and memory map

LOAD c:/st/stm32cubeide_1.4.0/stm32cubeide/plugins/com.st.stm32cube.ide.mcu.externaltools.gnu-tools-for-stm32.7-2018-q2-update.win32_1.4.0.202007081208/tools/bin/../lib/gcc/arm-none-eabi/7.3.1/thumb/v7e-m/fpv4-sp/hard/crti.o
LOAD c:/st/stm32cubeide_1.4.0/stm32cubeide/plugins/com.st.stm32cube.ide.mcu.externaltools.gnu-tools-for-stm32.7-2018-q2-update.win32_1.4.0.202007081208/tools/bin/../lib/gcc/arm-none-eabi/7.3.1/thumb/v7e-m/fpv4-sp/hard/crtbegin.o
LOAD c:/st/stm32cubeide_1.4.0/stm32cubeide/plugins/com.st.stm32cube.ide.mcu.externaltools.gnu-tools-for-stm32.7-2018-q2-update.win32_1.4.0.202007081208/tools/bin/../lib/gcc/arm-none-eabi/7.3.1/../../../../arm-none-eabi/lib/thumb/v7e-m/fpv4-sp/hard/crt0.o
LOAD Core/ST7789/fonts.o
LOAD Core/ST7789/st7789.o
LOAD Core/Src/audioplay.o
LOAD Core/Src/ini.o
LOAD Core/Src/leds.o
LOAD Core/Src/main.o
LOAD Core/Src/minIni.o
LOAD Core/Src/player.o
LOAD Core/Src/stm32f4xx_hal_msp.o
LOAD Core/Src/stm32f4xx_it.o
LOAD Core/Src/syscalls.o
LOAD Core/Src/sysmem.o
LOAD Core/Src/system_stm32f4xx.o
LOAD Core/Src/ws2812.o
LOAD Core/Startup/startup_stm32f412retx.o
LOAD Drivers/STM32F4xx_HAL_Driver/Src/stm32f4xx_hal.o
LOAD Drivers/STM32F4xx_HAL_Driver/Src/stm32f4xx_hal_adc.o
LOAD Drivers/STM32F4xx_HAL_Driver/Src/stm32f4xx_hal_adc_ex.o
LOAD Drivers/STM32F4xx_HAL_Driver/Src/stm32f4xx_hal_cortex.o
LOAD Drivers/STM32F4xx_HAL_Driver/Src/stm32f4xx_hal_dma.o
LOAD Drivers/STM32F4xx_HAL_Driver/Src/stm32f4xx_hal_dma_ex.o
LOAD Drivers/STM32F4xx_HAL_Driver/Src/stm32f4xx_hal_exti.o
LOAD Drivers/STM32F4xx_HAL_Driver/Src/stm32f4xx_hal_flash.o
LOAD Drivers/STM32F4xx_HAL_Driver/Src/stm32f4xx_hal_flash_ex.o
LOAD Drivers/STM32F4xx_HAL_Driver/Src/stm32f4xx_hal_flash_ramfunc.o
LOAD Drivers/STM32F4xx_HAL_Driver/Src/stm32f4xx_hal_gpio.o
LOAD Drivers/STM32F4xx_HAL_Driver/Src/stm32f4xx_hal_i2s.o
LOAD Drivers/STM32F4xx_HAL_Driver/Src/stm32f4xx_hal_i2s_ex.o
LOAD Drivers/STM32F4xx_HAL_Driver/Src/stm32f4xx_hal_pcd.o
LOAD Drivers/STM32F4xx_HAL_Driver/Src/stm32f4xx_hal_pcd_ex.o
LOAD Drivers/STM32F4xx_HAL_Driver/Src/stm32f4xx_hal_pwr.o
LOAD Drivers/STM32F4xx_HAL_Driver/Src/stm32f4xx_hal_pwr_ex.o
LOAD Drivers/STM32F4xx_HAL_Driver/Src/stm32f4xx_hal_rcc.o
LOAD Drivers/STM32F4xx_HAL_Driver/Src/stm32f4xx_hal_rcc_ex.o
LOAD Drivers/STM32F4xx_HAL_Driver/Src/stm32f4xx_hal_sd.o
LOAD Drivers/STM32F4xx_HAL_Driver/Src/stm32f4xx_hal_spi.o
LOAD Drivers/STM32F4xx_HAL_Driver/Src/stm32f4xx_hal_tim.o
LOAD Drivers/STM32F4xx_HAL_Driver/Src/stm32f4xx_hal_tim_ex.o
LOAD Drivers/STM32F4xx_HAL_Driver/Src/stm32f4xx_hal_uart.o
LOAD Drivers/STM32F4xx_HAL_Driver/Src/stm32f4xx_ll_sdmmc.o
LOAD Drivers/STM32F4xx_HAL_Driver/Src/stm32f4xx_ll_usb.o
LOAD FATFS/App/fatfs.o
LOAD FATFS/Target/bsp_driver_sd.o
LOAD FATFS/Target/fatfs_platform.o
LOAD FATFS/Target/sd_diskio.o
LOAD Middlewares/ST/STM32_USB_Device_Library/Class/MSC/Src/usbd_msc.o
LOAD Middlewares/ST/STM32_USB_Device_Library/Class/MSC/Src/usbd_msc_bot.o
LOAD Middlewares/ST/STM32_USB_Device_Library/Class/MSC/Src/usbd_msc_data.o
LOAD Middlewares/ST/STM32_USB_Device_Library/Class/MSC/Src/usbd_msc_scsi.o
LOAD Middlewares/ST/STM32_USB_Device_Library/Core/Src/usbd_core.o
LOAD Middlewares/ST/STM32_USB_Device_Library/Core/Src/usbd_ctlreq.o
LOAD Middlewares/ST/STM32_USB_Device_Library/Core/Src/usbd_ioreq.o
LOAD Middlewares/ST/STM32_USB_Device_Library (1)/Class/MSC/Src/usbd_msc.o
LOAD Middlewares/ST/STM32_USB_Device_Library (1)/Class/MSC/Src/usbd_msc_bot.o
LOAD Middlewares/ST/STM32_USB_Device_Library (1)/Class/MSC/Src/usbd_msc_data.o
LOAD Middlewares/ST/STM32_USB_Device_Library (1)/Class/MSC/Src/usbd_msc_scsi.o
LOAD Middlewares/ST/STM32_USB_Device_Library (1)/Core/Src/usbd_core.o
LOAD Middlewares/ST/STM32_USB_Device_Library (1)/Core/Src/usbd_ctlreq.o
LOAD Middlewares/ST/STM32_USB_Device_Library (1)/Core/Src/usbd_ioreq.o
LOAD Middlewares/Third_Party/FatFs/src/diskio.o
LOAD Middlewares/Third_Party/FatFs/src/ff.o
LOAD Middlewares/Third_Party/FatFs/src/ff_gen_drv.o
LOAD Middlewares/Third_Party/FatFs/src/option/ccsbcs.o
LOAD Middlewares/Third_Party/FatFs/src/option/syscall.o
LOAD USB_DEVICE/App/usb_device.o
LOAD USB_DEVICE/App/usbd_desc.o
LOAD USB_DEVICE/App/usbd_storage_if.o
LOAD USB_DEVICE/Target/usbd_conf.o
LOAD C:\Users\turum\GoogleDrive\Monofon\monofoneScreen_f412\Middlewares\ST\STM32_Audio\Addons\SRC236\Lib\libSRC236_CM4_GCC.a
LOAD C:\Users\turum\GoogleDrive\Monofon\monofoneScreen_f412\Middlewares\ST\STM32_Audio\Addons\SRC441\Lib\libSRC441_CM4_GCC.a
LOAD C:\Users\turum\GoogleDrive\Monofon\monofoneScreen_f412\Middlewares\ST\STM32_Audio\Addons\GAM\Lib\libGAM_CM4_GCC.a
START GROUP
LOAD c:/st/stm32cubeide_1.4.0/stm32cubeide/plugins/com.st.stm32cube.ide.mcu.externaltools.gnu-tools-for-stm32.7-2018-q2-update.win32_1.4.0.202007081208/tools/bin/../lib/gcc/arm-none-eabi/7.3.1/../../../../arm-none-eabi/lib/thumb/v7e-m/fpv4-sp/hard\libc_nano.a
LOAD c:/st/stm32cubeide_1.4.0/stm32cubeide/plugins/com.st.stm32cube.ide.mcu.externaltools.gnu-tools-for-stm32.7-2018-q2-update.win32_1.4.0.202007081208/tools/bin/../lib/gcc/arm-none-eabi/7.3.1/../../../../arm-none-eabi/lib/thumb/v7e-m/fpv4-sp/hard\libm.a
END GROUP
START GROUP
LOAD c:/st/stm32cubeide_1.4.0/stm32cubeide/plugins/com.st.stm32cube.ide.mcu.externaltools.gnu-tools-for-stm32.7-2018-q2-update.win32_1.4.0.202007081208/tools/bin/../lib/gcc/arm-none-eabi/7.3.1/thumb/v7e-m/fpv4-sp/hard\libgcc.a
LOAD c:/st/stm32cubeide_1.4.0/stm32cubeide/plugins/com.st.stm32cube.ide.mcu.externaltools.gnu-tools-for-stm32.7-2018-q2-update.win32_1.4.0.202007081208/tools/bin/../lib/gcc/arm-none-eabi/7.3.1/../../../../arm-none-eabi/lib/thumb/v7e-m/fpv4-sp/hard\libc_nano.a
END GROUP
START GROUP
LOAD c:/st/stm32cubeide_1.4.0/stm32cubeide/plugins/com.st.stm32cube.ide.mcu.externaltools.gnu-tools-for-stm32.7-2018-q2-update.win32_1.4.0.202007081208/tools/bin/../lib/gcc/arm-none-eabi/7.3.1/thumb/v7e-m/fpv4-sp/hard\libgcc.a
LOAD c:/st/stm32cubeide_1.4.0/stm32cubeide/plugins/com.st.stm32cube.ide.mcu.externaltools.gnu-tools-for-stm32.7-2018-q2-update.win32_1.4.0.202007081208/tools/bin/../lib/gcc/arm-none-eabi/7.3.1/../../../../arm-none-eabi/lib/thumb/v7e-m/fpv4-sp/hard\libc_nano.a
LOAD c:/st/stm32cubeide_1.4.0/stm32cubeide/plugins/com.st.stm32cube.ide.mcu.externaltools.gnu-tools-for-stm32.7-2018-q2-update.win32_1.4.0.202007081208/tools/bin/../lib/gcc/arm-none-eabi/7.3.1/../../../../arm-none-eabi/lib/thumb/v7e-m/fpv4-sp/hard\libnosys.a
END GROUP
START GROUP
LOAD c:/st/stm32cubeide_1.4.0/stm32cubeide/plugins/com.st.stm32cube.ide.mcu.externaltools.gnu-tools-for-stm32.7-2018-q2-update.win32_1.4.0.202007081208/tools/bin/../lib/gcc/arm-none-eabi/7.3.1/thumb/v7e-m/fpv4-sp/hard\libgcc.a
LOAD c:/st/stm32cubeide_1.4.0/stm32cubeide/plugins/com.st.stm32cube.ide.mcu.externaltools.gnu-tools-for-stm32.7-2018-q2-update.win32_1.4.0.202007081208/tools/bin/../lib/gcc/arm-none-eabi/7.3.1/../../../../arm-none-eabi/lib/thumb/v7e-m/fpv4-sp/hard\libc_nano.a
LOAD c:/st/stm32cubeide_1.4.0/stm32cubeide/plugins/com.st.stm32cube.ide.mcu.externaltools.gnu-tools-for-stm32.7-2018-q2-update.win32_1.4.0.202007081208/tools/bin/../lib/gcc/arm-none-eabi/7.3.1/../../../../arm-none-eabi/lib/thumb/v7e-m/fpv4-sp/hard\libnosys.a
END GROUP
LOAD c:/st/stm32cubeide_1.4.0/stm32cubeide/plugins/com.st.stm32cube.ide.mcu.externaltools.gnu-tools-for-stm32.7-2018-q2-update.win32_1.4.0.202007081208/tools/bin/../lib/gcc/arm-none-eabi/7.3.1/thumb/v7e-m/fpv4-sp/hard/crtend.o
LOAD c:/st/stm32cubeide_1.4.0/stm32cubeide/plugins/com.st.stm32cube.ide.mcu.externaltools.gnu-tools-for-stm32.7-2018-q2-update.win32_1.4.0.202007081208/tools/bin/../lib/gcc/arm-none-eabi/7.3.1/thumb/v7e-m/fpv4-sp/hard/crtn.o
                0x0000000020040000                _estack = (ORIGIN (RAM) + LENGTH (RAM))
                0x0000000000003000                _Min_Heap_Size = 0x3000
                0x0000000000001200                _Min_Stack_Size = 0x1200

.isr_vector     0x0000000008000000      0x1c4
                0x0000000008000000                . = ALIGN (0x4)
 *(.isr_vector)
 .isr_vector    0x0000000008000000      0x1c4 Core/Startup/startup_stm32f412retx.o
                0x0000000008000000                g_pfnVectors
                0x00000000080001c4                . = ALIGN (0x4)

.text           0x00000000080001d0     0xebac
                0x00000000080001d0                . = ALIGN (0x4)
 *(.text)
 .text          0x00000000080001d0       0x40 c:/st/stm32cubeide_1.4.0/stm32cubeide/plugins/com.st.stm32cube.ide.mcu.externaltools.gnu-tools-for-stm32.7-2018-q2-update.win32_1.4.0.202007081208/tools/bin/../lib/gcc/arm-none-eabi/7.3.1/thumb/v7e-m/fpv4-sp/hard/crtbegin.o
 .text          0x0000000008000210       0xa0 c:/st/stm32cubeide_1.4.0/stm32cubeide/plugins/com.st.stm32cube.ide.mcu.externaltools.gnu-tools-for-stm32.7-2018-q2-update.win32_1.4.0.202007081208/tools/bin/../lib/gcc/arm-none-eabi/7.3.1/../../../../arm-none-eabi/lib/thumb/v7e-m/fpv4-sp/hard\libc_nano.a(lib_a-memchr.o)
                0x0000000008000210                memchr
 .text          0x00000000080002b0       0x14 c:/st/stm32cubeide_1.4.0/stm32cubeide/plugins/com.st.stm32cube.ide.mcu.externaltools.gnu-tools-for-stm32.7-2018-q2-update.win32_1.4.0.202007081208/tools/bin/../lib/gcc/arm-none-eabi/7.3.1/../../../../arm-none-eabi/lib/thumb/v7e-m/fpv4-sp/hard\libc_nano.a(lib_a-strcmp.o)
                0x00000000080002b0                strcmp
 .text          0x00000000080002c4       0x10 c:/st/stm32cubeide_1.4.0/stm32cubeide/plugins/com.st.stm32cube.ide.mcu.externaltools.gnu-tools-for-stm32.7-2018-q2-update.win32_1.4.0.202007081208/tools/bin/../lib/gcc/arm-none-eabi/7.3.1/../../../../arm-none-eabi/lib/thumb/v7e-m/fpv4-sp/hard\libc_nano.a(lib_a-strlen.o)
                0x00000000080002c4                strlen
 .text          0x00000000080002d4      0x378 c:/st/stm32cubeide_1.4.0/stm32cubeide/plugins/com.st.stm32cube.ide.mcu.externaltools.gnu-tools-for-stm32.7-2018-q2-update.win32_1.4.0.202007081208/tools/bin/../lib/gcc/arm-none-eabi/7.3.1/thumb/v7e-m/fpv4-sp/hard\libgcc.a(_arm_addsubdf3.o)
                0x00000000080002d4                __aeabi_drsub
                0x00000000080002dc                __aeabi_dsub
                0x00000000080002dc                __subdf3
                0x00000000080002e0                __aeabi_dadd
                0x00000000080002e0                __adddf3
                0x0000000008000558                __floatunsidf
                0x0000000008000558                __aeabi_ui2d
                0x0000000008000578                __floatsidf
                0x0000000008000578                __aeabi_i2d
                0x000000000800059c                __aeabi_f2d
                0x000000000800059c                __extendsfdf2
                0x00000000080005e0                __floatundidf
                0x00000000080005e0                __aeabi_ul2d
                0x00000000080005f0                __floatdidf
                0x00000000080005f0                __aeabi_l2d
 .text          0x000000000800064c      0x424 c:/st/stm32cubeide_1.4.0/stm32cubeide/plugins/com.st.stm32cube.ide.mcu.externaltools.gnu-tools-for-stm32.7-2018-q2-update.win32_1.4.0.202007081208/tools/bin/../lib/gcc/arm-none-eabi/7.3.1/thumb/v7e-m/fpv4-sp/hard\libgcc.a(_arm_muldivdf3.o)
                0x000000000800064c                __aeabi_dmul
                0x000000000800064c                __muldf3
                0x00000000080008a0                __divdf3
                0x00000000080008a0                __aeabi_ddiv
 .text          0x0000000008000a70      0x110 c:/st/stm32cubeide_1.4.0/stm32cubeide/plugins/com.st.stm32cube.ide.mcu.externaltools.gnu-tools-for-stm32.7-2018-q2-update.win32_1.4.0.202007081208/tools/bin/../lib/gcc/arm-none-eabi/7.3.1/thumb/v7e-m/fpv4-sp/hard\libgcc.a(_arm_cmpdf2.o)
                0x0000000008000a70                __gtdf2
                0x0000000008000a70                __gedf2
                0x0000000008000a78                __ltdf2
                0x0000000008000a78                __ledf2
                0x0000000008000a80                __nedf2
                0x0000000008000a80                __eqdf2
                0x0000000008000a80                __cmpdf2
                0x0000000008000afc                __aeabi_cdrcmple
                0x0000000008000b0c                __aeabi_cdcmpeq
                0x0000000008000b0c                __aeabi_cdcmple
                0x0000000008000b1c                __aeabi_dcmpeq
                0x0000000008000b30                __aeabi_dcmplt
                0x0000000008000b44                __aeabi_dcmple
                0x0000000008000b58                __aeabi_dcmpge
                0x0000000008000b6c                __aeabi_dcmpgt
 .text          0x0000000008000b80       0x50 c:/st/stm32cubeide_1.4.0/stm32cubeide/plugins/com.st.stm32cube.ide.mcu.externaltools.gnu-tools-for-stm32.7-2018-q2-update.win32_1.4.0.202007081208/tools/bin/../lib/gcc/arm-none-eabi/7.3.1/thumb/v7e-m/fpv4-sp/hard\libgcc.a(_arm_fixdfsi.o)
                0x0000000008000b80                __aeabi_d2iz
                0x0000000008000b80                __fixdfsi
 .text          0x0000000008000bd0       0xa0 c:/st/stm32cubeide_1.4.0/stm32cubeide/plugins/com.st.stm32cube.ide.mcu.externaltools.gnu-tools-for-stm32.7-2018-q2-update.win32_1.4.0.202007081208/tools/bin/../lib/gcc/arm-none-eabi/7.3.1/thumb/v7e-m/fpv4-sp/hard\libgcc.a(_arm_truncdfsf2.o)
                0x0000000008000bd0                __truncdfsf2
                0x0000000008000bd0                __aeabi_d2f
 .text          0x0000000008000c70       0x30 c:/st/stm32cubeide_1.4.0/stm32cubeide/plugins/com.st.stm32cube.ide.mcu.externaltools.gnu-tools-for-stm32.7-2018-q2-update.win32_1.4.0.202007081208/tools/bin/../lib/gcc/arm-none-eabi/7.3.1/thumb/v7e-m/fpv4-sp/hard\libgcc.a(_aeabi_uldivmod.o)
                0x0000000008000c70                __aeabi_uldivmod
 .text          0x0000000008000ca0      0x2cc c:/st/stm32cubeide_1.4.0/stm32cubeide/plugins/com.st.stm32cube.ide.mcu.externaltools.gnu-tools-for-stm32.7-2018-q2-update.win32_1.4.0.202007081208/tools/bin/../lib/gcc/arm-none-eabi/7.3.1/thumb/v7e-m/fpv4-sp/hard\libgcc.a(_udivmoddi4.o)
                0x0000000008000ca0                __udivmoddi4
 .text          0x0000000008000f6c        0x4 c:/st/stm32cubeide_1.4.0/stm32cubeide/plugins/com.st.stm32cube.ide.mcu.externaltools.gnu-tools-for-stm32.7-2018-q2-update.win32_1.4.0.202007081208/tools/bin/../lib/gcc/arm-none-eabi/7.3.1/thumb/v7e-m/fpv4-sp/hard\libgcc.a(_dvmd_tls.o)
                0x0000000008000f6c                __aeabi_idiv0
                0x0000000008000f6c                __aeabi_ldiv0
 *(.text*)
 .text.ST7789_WriteCommand
                0x0000000008000f70       0x44 Core/ST7789/st7789.o
 .text.ST7789_WriteSmallData
                0x0000000008000fb4       0x44 Core/ST7789/st7789.o
 .text.ST7789_WriteData
                0x0000000008000ff8       0x58 Core/ST7789/st7789.o
 .text.ST7789_SetAddressWindow
                0x0000000008001050       0x7c Core/ST7789/st7789.o
 .text.ST7789_SetRotation
                0x00000000080010cc       0x2e Core/ST7789/st7789.o
                0x00000000080010cc                ST7789_SetRotation
 *fill*         0x00000000080010fa        0x2 
 .text.ST7789_Fill_Color
                0x00000000080010fc       0x54 Core/ST7789/st7789.o
                0x00000000080010fc                ST7789_Fill_Color
 .text.ST7789_Init
                0x0000000008001150      0x14c Core/ST7789/st7789.o
                0x0000000008001150                ST7789_Init
 .text.ST7789_DrawImage
                0x000000000800129c       0x64 Core/ST7789/st7789.o
                0x000000000800129c                ST7789_DrawImage
 .text.ST7789_WriteChar
                0x0000000008001300       0xb0 Core/ST7789/st7789.o
                0x0000000008001300                ST7789_WriteChar
 .text.ST7789_WriteString
                0x00000000080013b0       0x80 Core/ST7789/st7789.o
                0x00000000080013b0                ST7789_WriteString
 .text.find_chars_or_comment
                0x0000000008001430       0x4c Core/Src/ini.o
 .text.lskip    0x000000000800147c       0x20 Core/Src/ini.o
 .text.rstrip   0x000000000800149c       0x2a Core/Src/ini.o
 *fill*         0x00000000080014c6        0x2 
 .text.ini_parse_stream
                0x00000000080014c8      0x154 Core/Src/ini.o
                0x00000000080014c8                ini_parse_stream
 .text.ini_parse_fatfs
                0x000000000800161c       0x40 Core/Src/ini.o
                0x000000000800161c                ini_parse_fatfs
 .text.initLeds
                0x000000000800165c       0x88 Core/Src/leds.o
                0x000000000800165c                initLeds
 .text.refreshLeds
                0x00000000080016e4       0xec Core/Src/leds.o
                0x00000000080016e4                refreshLeds
 .text.handler  0x00000000080017d0       0xf4 Core/Src/main.o
 .text._write   0x00000000080018c4       0x30 Core/Src/main.o
                0x00000000080018c4                _write
 .text.HAL_ADCEx_InjectedConvCpltCallback
                0x00000000080018f4       0xc4 Core/Src/main.o
                0x00000000080018f4                HAL_ADCEx_InjectedConvCpltCallback
 .text.HAL_TIM_OC_DelayElapsedCallback
                0x00000000080019b8       0x18 Core/Src/main.o
                0x00000000080019b8                HAL_TIM_OC_DelayElapsedCallback
 .text.scan_files
                0x00000000080019d0       0xcc Core/Src/main.o
                0x00000000080019d0                scan_files
 .text.SystemClock_Config
                0x0000000008001a9c       0xc0 Core/Src/main.o
                0x0000000008001a9c                SystemClock_Config
 .text.startup.main
                0x0000000008001b5c      0x6e0 Core/Src/main.o
                0x0000000008001b5c                main
 .text.Error_Handler
                0x000000000800223c        0x2 Core/Src/main.o
                0x000000000800223c                Error_Handler
 *fill*         0x000000000800223e        0x2 
 .text.AUDIO_PLAYER_FromUsbToSrcToCodecBuf
                0x0000000008002240       0xe8 Core/Src/player.o
 .text.src_init
                0x0000000008002328       0x78 Core/Src/player.o
                0x0000000008002328                src_init
 .text.init_FAT_FS
                0x00000000080023a0       0x6c Core/Src/player.o
                0x00000000080023a0                init_FAT_FS
 .text.AUDIO_PLAYER_Stop
                0x000000000800240c       0x1c Core/Src/player.o
                0x000000000800240c                AUDIO_PLAYER_Stop
 .text.AUDIO_PLAYER_Process
                0x0000000008002428       0x74 Core/Src/player.o
                0x0000000008002428                AUDIO_PLAYER_Process
 .text.HAL_I2S_TxCpltCallback
                0x000000000800249c       0x50 Core/Src/player.o
                0x000000000800249c                HAL_I2S_TxCpltCallback
 .text.writeErrorTxt
                0x00000000080024ec       0x60 Core/Src/player.o
                0x00000000080024ec                writeErrorTxt
 .text.playWavFile
                0x000000000800254c      0x2d8 Core/Src/player.o
                0x000000000800254c                playWavFile
 .text.HAL_MspInit
                0x0000000008002824       0x38 Core/Src/stm32f4xx_hal_msp.o
                0x0000000008002824                HAL_MspInit
 .text.HAL_ADC_MspInit
                0x000000000800285c       0x98 Core/Src/stm32f4xx_hal_msp.o
                0x000000000800285c                HAL_ADC_MspInit
 .text.HAL_I2S_MspInit
                0x00000000080028f4       0xf8 Core/Src/stm32f4xx_hal_msp.o
                0x00000000080028f4                HAL_I2S_MspInit
 .text.HAL_SD_MspInit
                0x00000000080029ec       0xa0 Core/Src/stm32f4xx_hal_msp.o
                0x00000000080029ec                HAL_SD_MspInit
 .text.HAL_SPI_MspInit
                0x0000000008002a8c       0x6c Core/Src/stm32f4xx_hal_msp.o
                0x0000000008002a8c                HAL_SPI_MspInit
 .text.HAL_TIM_PWM_MspInit
                0x0000000008002af8       0x88 Core/Src/stm32f4xx_hal_msp.o
                0x0000000008002af8                HAL_TIM_PWM_MspInit
 .text.HAL_TIM_OC_MspInit
                0x0000000008002b80       0x68 Core/Src/stm32f4xx_hal_msp.o
                0x0000000008002b80                HAL_TIM_OC_MspInit
 .text.HAL_TIM_MspPostInit
                0x0000000008002be8       0x58 Core/Src/stm32f4xx_hal_msp.o
                0x0000000008002be8                HAL_TIM_MspPostInit
 .text.HAL_UART_MspInit
                0x0000000008002c40       0x9c Core/Src/stm32f4xx_hal_msp.o
                0x0000000008002c40                HAL_UART_MspInit
 .text.NMI_Handler
                0x0000000008002cdc        0x2 Core/Src/stm32f4xx_it.o
                0x0000000008002cdc                NMI_Handler
 .text.HardFault_Handler
                0x0000000008002cde        0x2 Core/Src/stm32f4xx_it.o
                0x0000000008002cde                HardFault_Handler
 .text.MemManage_Handler
                0x0000000008002ce0        0x2 Core/Src/stm32f4xx_it.o
                0x0000000008002ce0                MemManage_Handler
 .text.BusFault_Handler
                0x0000000008002ce2        0x2 Core/Src/stm32f4xx_it.o
                0x0000000008002ce2                BusFault_Handler
 .text.UsageFault_Handler
                0x0000000008002ce4        0x2 Core/Src/stm32f4xx_it.o
                0x0000000008002ce4                UsageFault_Handler
 .text.SVC_Handler
                0x0000000008002ce6        0x2 Core/Src/stm32f4xx_it.o
                0x0000000008002ce6                SVC_Handler
 .text.DebugMon_Handler
                0x0000000008002ce8        0x2 Core/Src/stm32f4xx_it.o
                0x0000000008002ce8                DebugMon_Handler
 .text.PendSV_Handler
                0x0000000008002cea        0x2 Core/Src/stm32f4xx_it.o
                0x0000000008002cea                PendSV_Handler
 .text.SysTick_Handler
                0x0000000008002cec        0x4 Core/Src/stm32f4xx_it.o
                0x0000000008002cec                SysTick_Handler
 .text.DMA1_Stream4_IRQHandler
                0x0000000008002cf0        0xc Core/Src/stm32f4xx_it.o
                0x0000000008002cf0                DMA1_Stream4_IRQHandler
 .text.ADC_IRQHandler
                0x0000000008002cfc        0xc Core/Src/stm32f4xx_it.o
                0x0000000008002cfc                ADC_IRQHandler
 .text.TIM1_CC_IRQHandler
                0x0000000008002d08        0xc Core/Src/stm32f4xx_it.o
                0x0000000008002d08                TIM1_CC_IRQHandler
 .text.SPI2_IRQHandler
                0x0000000008002d14        0xc Core/Src/stm32f4xx_it.o
                0x0000000008002d14                SPI2_IRQHandler
 .text.TIM8_CC_IRQHandler
                0x0000000008002d20        0xc Core/Src/stm32f4xx_it.o
                0x0000000008002d20                TIM8_CC_IRQHandler
 .text.OTG_FS_IRQHandler
                0x0000000008002d2c        0xc Core/Src/stm32f4xx_it.o
                0x0000000008002d2c                OTG_FS_IRQHandler
 .text.DMA2_Stream6_IRQHandler
                0x0000000008002d38        0xc Core/Src/stm32f4xx_it.o
                0x0000000008002d38                DMA2_Stream6_IRQHandler
 .text._read    0x0000000008002d44       0x1c Core/Src/syscalls.o
                0x0000000008002d44                _read
 .text._close   0x0000000008002d60        0x6 Core/Src/syscalls.o
                0x0000000008002d60                _close
 .text._fstat   0x0000000008002d66        0xa Core/Src/syscalls.o
                0x0000000008002d66                _fstat
 .text._isatty  0x0000000008002d70        0x4 Core/Src/syscalls.o
                0x0000000008002d70                _isatty
 .text._lseek   0x0000000008002d74        0x4 Core/Src/syscalls.o
                0x0000000008002d74                _lseek
 .text._sbrk    0x0000000008002d78       0x40 Core/Src/sysmem.o
                0x0000000008002d78                _sbrk
 .text.SystemInit
                0x0000000008002db8       0x1c Core/Src/system_stm32f4xx.o
                0x0000000008002db8                SystemInit
 .text.ws2812_init
                0x0000000008002dd4       0x18 Core/Src/ws2812.o
                0x0000000008002dd4                ws2812_init
 .text.ws2812_pixel_rgb_to_buf_dma
                0x0000000008002dec       0x9c Core/Src/ws2812.o
                0x0000000008002dec                ws2812_pixel_rgb_to_buf_dma
 .text.ws2812_setPixel_gammaCorrection
                0x0000000008002e88       0x18 Core/Src/ws2812.o
                0x0000000008002e88                ws2812_setPixel_gammaCorrection
 .text.ws2812_light
                0x0000000008002ea0       0x18 Core/Src/ws2812.o
                0x0000000008002ea0                ws2812_light
 .text.HsvToRgb
                0x0000000008002eb8       0xc2 Core/Src/ws2812.o
                0x0000000008002eb8                HsvToRgb
 *fill*         0x0000000008002f7a        0x2 
 .text.Reset_Handler
                0x0000000008002f7c       0x50 Core/Startup/startup_stm32f412retx.o
                0x0000000008002f7c                Reset_Handler
 .text.Default_Handler
                0x0000000008002fcc        0x2 Core/Startup/startup_stm32f412retx.o
                0x0000000008002fcc                RTC_Alarm_IRQHandler
                0x0000000008002fcc                EXTI2_IRQHandler
                0x0000000008002fcc                FMPI2C1_EV_IRQHandler
                0x0000000008002fcc                SPI4_IRQHandler
                0x0000000008002fcc                DMA2_Stream5_IRQHandler
                0x0000000008002fcc                DMA1_Stream5_IRQHandler
                0x0000000008002fcc                TIM6_IRQHandler
                0x0000000008002fcc                PVD_IRQHandler
                0x0000000008002fcc                SDIO_IRQHandler
                0x0000000008002fcc                TAMP_STAMP_IRQHandler
                0x0000000008002fcc                CAN2_RX1_IRQHandler
                0x0000000008002fcc                EXTI3_IRQHandler
                0x0000000008002fcc                TIM8_TRG_COM_TIM14_IRQHandler
                0x0000000008002fcc                DFSDM1_FLT1_IRQHandler
                0x0000000008002fcc                TIM1_UP_TIM10_IRQHandler
                0x0000000008002fcc                TIM8_UP_TIM13_IRQHandler
                0x0000000008002fcc                I2C3_ER_IRQHandler
                0x0000000008002fcc                EXTI0_IRQHandler
                0x0000000008002fcc                I2C2_EV_IRQHandler
                0x0000000008002fcc                DMA1_Stream2_IRQHandler
                0x0000000008002fcc                CAN1_RX0_IRQHandler
                0x0000000008002fcc                FPU_IRQHandler
                0x0000000008002fcc                CAN2_SCE_IRQHandler
                0x0000000008002fcc                DMA2_Stream2_IRQHandler
                0x0000000008002fcc                SPI1_IRQHandler
                0x0000000008002fcc                TIM1_BRK_TIM9_IRQHandler
                0x0000000008002fcc                CAN2_RX0_IRQHandler
                0x0000000008002fcc                DMA2_Stream3_IRQHandler
                0x0000000008002fcc                USART6_IRQHandler
                0x0000000008002fcc                USART3_IRQHandler
                0x0000000008002fcc                CAN1_RX1_IRQHandler
                0x0000000008002fcc                DMA2_Stream0_IRQHandler
                0x0000000008002fcc                TIM4_IRQHandler
                0x0000000008002fcc                QUADSPI_IRQHandler
                0x0000000008002fcc                I2C1_EV_IRQHandler
                0x0000000008002fcc                DMA1_Stream6_IRQHandler
                0x0000000008002fcc                DMA1_Stream1_IRQHandler
                0x0000000008002fcc                TIM3_IRQHandler
                0x0000000008002fcc                RCC_IRQHandler
                0x0000000008002fcc                TIM8_BRK_TIM12_IRQHandler
                0x0000000008002fcc                Default_Handler
                0x0000000008002fcc                EXTI15_10_IRQHandler
                0x0000000008002fcc                DMA1_Stream7_IRQHandler
                0x0000000008002fcc                SPI5_IRQHandler
                0x0000000008002fcc                TIM7_IRQHandler
                0x0000000008002fcc                CAN2_TX_IRQHandler
                0x0000000008002fcc                TIM5_IRQHandler
                0x0000000008002fcc                DMA2_Stream7_IRQHandler
                0x0000000008002fcc                I2C3_EV_IRQHandler
                0x0000000008002fcc                EXTI9_5_IRQHandler
                0x0000000008002fcc                RTC_WKUP_IRQHandler
                0x0000000008002fcc                DMA1_Stream0_IRQHandler
                0x0000000008002fcc                CAN1_TX_IRQHandler
                0x0000000008002fcc                FMPI2C1_ER_IRQHandler
                0x0000000008002fcc                EXTI4_IRQHandler
                0x0000000008002fcc                RNG_IRQHandler
                0x0000000008002fcc                WWDG_IRQHandler
                0x0000000008002fcc                TIM2_IRQHandler
                0x0000000008002fcc                OTG_FS_WKUP_IRQHandler
                0x0000000008002fcc                TIM1_TRG_COM_TIM11_IRQHandler
                0x0000000008002fcc                EXTI1_IRQHandler
                0x0000000008002fcc                USART2_IRQHandler
                0x0000000008002fcc                DFSDM1_FLT0_IRQHandler
                0x0000000008002fcc                I2C2_ER_IRQHandler
                0x0000000008002fcc                DMA2_Stream1_IRQHandler
                0x0000000008002fcc                CAN1_SCE_IRQHandler
                0x0000000008002fcc                FLASH_IRQHandler
                0x0000000008002fcc                DMA2_Stream4_IRQHandler
                0x0000000008002fcc                USART1_IRQHandler
                0x0000000008002fcc                SPI3_IRQHandler
                0x0000000008002fcc                I2C1_ER_IRQHandler
                0x0000000008002fcc                DMA1_Stream3_IRQHandler
 *fill*         0x0000000008002fce        0x2 
 .text.HAL_InitTick
                0x0000000008002fd0       0x48 Drivers/STM32F4xx_HAL_Driver/Src/stm32f4xx_hal.o
                0x0000000008002fd0                HAL_InitTick
 .text.HAL_Init
                0x0000000008003018       0x34 Drivers/STM32F4xx_HAL_Driver/Src/stm32f4xx_hal.o
                0x0000000008003018                HAL_Init
 .text.HAL_IncTick
                0x000000000800304c       0x18 Drivers/STM32F4xx_HAL_Driver/Src/stm32f4xx_hal.o
                0x000000000800304c                HAL_IncTick
 .text.HAL_GetTick
                0x0000000008003064        0xc Drivers/STM32F4xx_HAL_Driver/Src/stm32f4xx_hal.o
                0x0000000008003064                HAL_GetTick
 .text.HAL_Delay
                0x0000000008003070       0x28 Drivers/STM32F4xx_HAL_Driver/Src/stm32f4xx_hal.o
                0x0000000008003070                HAL_Delay
 .text.HAL_ADC_Init
                0x0000000008003098      0x14c Drivers/STM32F4xx_HAL_Driver/Src/stm32f4xx_hal_adc.o
                0x0000000008003098                HAL_ADC_Init
 .text.HAL_ADC_ConvCpltCallback
                0x00000000080031e4        0x2 Drivers/STM32F4xx_HAL_Driver/Src/stm32f4xx_hal_adc.o
                0x00000000080031e4                HAL_ADC_ConvCpltCallback
 .text.HAL_ADC_LevelOutOfWindowCallback
                0x00000000080031e6        0x2 Drivers/STM32F4xx_HAL_Driver/Src/stm32f4xx_hal_adc.o
                0x00000000080031e6                HAL_ADC_LevelOutOfWindowCallback
 .text.HAL_ADC_ErrorCallback
                0x00000000080031e8        0x2 Drivers/STM32F4xx_HAL_Driver/Src/stm32f4xx_hal_adc.o
                0x00000000080031e8                HAL_ADC_ErrorCallback
 .text.HAL_ADC_IRQHandler
                0x00000000080031ea      0x128 Drivers/STM32F4xx_HAL_Driver/Src/stm32f4xx_hal_adc.o
                0x00000000080031ea                HAL_ADC_IRQHandler
 *fill*         0x0000000008003312        0x2 
 .text.HAL_ADC_ConfigChannel
                0x0000000008003314      0x120 Drivers/STM32F4xx_HAL_Driver/Src/stm32f4xx_hal_adc.o
                0x0000000008003314                HAL_ADC_ConfigChannel
 .text.HAL_ADCEx_InjectedStart_IT
                0x0000000008003434       0xbc Drivers/STM32F4xx_HAL_Driver/Src/stm32f4xx_hal_adc_ex.o
                0x0000000008003434                HAL_ADCEx_InjectedStart_IT
 .text.HAL_ADCEx_InjectedGetValue
                0x00000000080034f0       0x32 Drivers/STM32F4xx_HAL_Driver/Src/stm32f4xx_hal_adc_ex.o
                0x00000000080034f0                HAL_ADCEx_InjectedGetValue
 *fill*         0x0000000008003522        0x2 
 .text.HAL_ADCEx_InjectedConfigChannel
                0x0000000008003524      0x18c Drivers/STM32F4xx_HAL_Driver/Src/stm32f4xx_hal_adc_ex.o
                0x0000000008003524                HAL_ADCEx_InjectedConfigChannel
 .text.HAL_NVIC_SetPriorityGrouping
                0x00000000080036b0       0x24 Drivers/STM32F4xx_HAL_Driver/Src/stm32f4xx_hal_cortex.o
                0x00000000080036b0                HAL_NVIC_SetPriorityGrouping
 .text.HAL_NVIC_SetPriority
                0x00000000080036d4       0x68 Drivers/STM32F4xx_HAL_Driver/Src/stm32f4xx_hal_cortex.o
                0x00000000080036d4                HAL_NVIC_SetPriority
 .text.HAL_NVIC_EnableIRQ
                0x000000000800373c       0x1c Drivers/STM32F4xx_HAL_Driver/Src/stm32f4xx_hal_cortex.o
                0x000000000800373c                HAL_NVIC_EnableIRQ
 .text.HAL_SYSTICK_Config
                0x0000000008003758       0x2c Drivers/STM32F4xx_HAL_Driver/Src/stm32f4xx_hal_cortex.o
                0x0000000008003758                HAL_SYSTICK_Config
 .text.DMA_CalcBaseAndBitshift
                0x0000000008003784       0x2c Drivers/STM32F4xx_HAL_Driver/Src/stm32f4xx_hal_dma.o
 .text.HAL_DMA_Init
                0x00000000080037b0       0xfc Drivers/STM32F4xx_HAL_Driver/Src/stm32f4xx_hal_dma.o
                0x00000000080037b0                HAL_DMA_Init
 .text.HAL_DMA_Start_IT
                0x00000000080038ac       0x74 Drivers/STM32F4xx_HAL_Driver/Src/stm32f4xx_hal_dma.o
                0x00000000080038ac                HAL_DMA_Start_IT
 .text.HAL_DMA_IRQHandler
                0x0000000008003920      0x17c Drivers/STM32F4xx_HAL_Driver/Src/stm32f4xx_hal_dma.o
                0x0000000008003920                HAL_DMA_IRQHandler
 .text.HAL_GPIO_Init
                0x0000000008003a9c      0x190 Drivers/STM32F4xx_HAL_Driver/Src/stm32f4xx_hal_gpio.o
                0x0000000008003a9c                HAL_GPIO_Init
 .text.HAL_GPIO_ReadPin
                0x0000000008003c2c        0xc Drivers/STM32F4xx_HAL_Driver/Src/stm32f4xx_hal_gpio.o
                0x0000000008003c2c                HAL_GPIO_ReadPin
 .text.HAL_GPIO_WritePin
                0x0000000008003c38        0xa Drivers/STM32F4xx_HAL_Driver/Src/stm32f4xx_hal_gpio.o
                0x0000000008003c38                HAL_GPIO_WritePin
 *fill*         0x0000000008003c42        0x2 
 .text.HAL_I2S_Init
                0x0000000008003c44      0x154 Drivers/STM32F4xx_HAL_Driver/Src/stm32f4xx_hal_i2s.o
                0x0000000008003c44                HAL_I2S_Init
 .text.HAL_I2S_Transmit_IT
                0x0000000008003d98       0x72 Drivers/STM32F4xx_HAL_Driver/Src/stm32f4xx_hal_i2s.o
                0x0000000008003d98                HAL_I2S_Transmit_IT
 .text.HAL_I2S_IRQHandler
                0x0000000008003e0a        0x4 Drivers/STM32F4xx_HAL_Driver/Src/stm32f4xx_hal_i2s.o
                0x0000000008003e0a                HAL_I2S_IRQHandler
 .text.HAL_I2S_RxCpltCallback
                0x0000000008003e0e        0x2 Drivers/STM32F4xx_HAL_Driver/Src/stm32f4xx_hal_i2s.o
                0x0000000008003e0e                HAL_I2S_RxCpltCallback
 .text.HAL_I2S_ErrorCallback
                0x0000000008003e10        0x2 Drivers/STM32F4xx_HAL_Driver/Src/stm32f4xx_hal_i2s.o
                0x0000000008003e10                HAL_I2S_ErrorCallback
 .text.I2S_IRQHandler
                0x0000000008003e12       0xfa Drivers/STM32F4xx_HAL_Driver/Src/stm32f4xx_hal_i2s.o
 .text.HAL_I2SEx_TxRxCpltCallback
                0x0000000008003f0c        0x2 Drivers/STM32F4xx_HAL_Driver/Src/stm32f4xx_hal_i2s_ex.o
                0x0000000008003f0c                HAL_I2SEx_TxRxCpltCallback
 *fill*         0x0000000008003f0e        0x2 
 .text.HAL_I2SEx_FullDuplex_IRQHandler
                0x0000000008003f10      0x248 Drivers/STM32F4xx_HAL_Driver/Src/stm32f4xx_hal_i2s_ex.o
                0x0000000008003f10                HAL_I2SEx_FullDuplex_IRQHandler
 .text.HAL_PCD_Init
                0x0000000008004158      0x11a Drivers/STM32F4xx_HAL_Driver/Src/stm32f4xx_hal_pcd.o
                0x0000000008004158                HAL_PCD_Init
 .text.HAL_PCD_Start
                0x0000000008004272       0x3e Drivers/STM32F4xx_HAL_Driver/Src/stm32f4xx_hal_pcd.o
                0x0000000008004272                HAL_PCD_Start
 .text.HAL_PCD_Stop
                0x00000000080042b0       0x48 Drivers/STM32F4xx_HAL_Driver/Src/stm32f4xx_hal_pcd.o
                0x00000000080042b0                HAL_PCD_Stop
 .text.HAL_PCD_IRQHandler
                0x00000000080042f8      0x5ac Drivers/STM32F4xx_HAL_Driver/Src/stm32f4xx_hal_pcd.o
                0x00000000080042f8                HAL_PCD_IRQHandler
 .text.HAL_PCD_SetAddress
                0x00000000080048a4       0x28 Drivers/STM32F4xx_HAL_Driver/Src/stm32f4xx_hal_pcd.o
                0x00000000080048a4                HAL_PCD_SetAddress
 .text.HAL_PCD_EP_Open
                0x00000000080048cc       0x70 Drivers/STM32F4xx_HAL_Driver/Src/stm32f4xx_hal_pcd.o
                0x00000000080048cc                HAL_PCD_EP_Open
 .text.HAL_PCD_EP_Close
                0x000000000800493c       0x5e Drivers/STM32F4xx_HAL_Driver/Src/stm32f4xx_hal_pcd.o
                0x000000000800493c                HAL_PCD_EP_Close
 .text.HAL_PCD_EP_Receive
                0x000000000800499a       0x48 Drivers/STM32F4xx_HAL_Driver/Src/stm32f4xx_hal_pcd.o
                0x000000000800499a                HAL_PCD_EP_Receive
 .text.HAL_PCD_EP_GetRxCount
                0x00000000080049e2       0x10 Drivers/STM32F4xx_HAL_Driver/Src/stm32f4xx_hal_pcd.o
                0x00000000080049e2                HAL_PCD_EP_GetRxCount
 .text.HAL_PCD_EP_Transmit
                0x00000000080049f2       0x40 Drivers/STM32F4xx_HAL_Driver/Src/stm32f4xx_hal_pcd.o
                0x00000000080049f2                HAL_PCD_EP_Transmit
 .text.HAL_PCD_EP_SetStall
                0x0000000008004a32       0x74 Drivers/STM32F4xx_HAL_Driver/Src/stm32f4xx_hal_pcd.o
                0x0000000008004a32                HAL_PCD_EP_SetStall
 .text.HAL_PCD_EP_ClrStall
                0x0000000008004aa6       0x6c Drivers/STM32F4xx_HAL_Driver/Src/stm32f4xx_hal_pcd.o
                0x0000000008004aa6                HAL_PCD_EP_ClrStall
 .text.HAL_PCD_EP_Flush
                0x0000000008004b12       0x32 Drivers/STM32F4xx_HAL_Driver/Src/stm32f4xx_hal_pcd.o
                0x0000000008004b12                HAL_PCD_EP_Flush
 .text.HAL_PCDEx_SetTxFiFo
                0x0000000008004b44       0x40 Drivers/STM32F4xx_HAL_Driver/Src/stm32f4xx_hal_pcd_ex.o
                0x0000000008004b44                HAL_PCDEx_SetTxFiFo
 .text.HAL_PCDEx_SetRxFiFo
                0x0000000008004b84        0x8 Drivers/STM32F4xx_HAL_Driver/Src/stm32f4xx_hal_pcd_ex.o
                0x0000000008004b84                HAL_PCDEx_SetRxFiFo
 .text.HAL_PCDEx_ActivateLPM
                0x0000000008004b8c       0x26 Drivers/STM32F4xx_HAL_Driver/Src/stm32f4xx_hal_pcd_ex.o
                0x0000000008004b8c                HAL_PCDEx_ActivateLPM
 .text.HAL_PCDEx_LPM_Callback
                0x0000000008004bb2        0x2 Drivers/STM32F4xx_HAL_Driver/Src/stm32f4xx_hal_pcd_ex.o
                0x0000000008004bb2                HAL_PCDEx_LPM_Callback
 .text.HAL_RCC_GetSysClockFreq
                0x0000000008004bb4       0x5c Drivers/STM32F4xx_HAL_Driver/Src/stm32f4xx_hal_rcc.o
                0x0000000008004bb4                HAL_RCC_GetSysClockFreq
 .text.HAL_RCC_ClockConfig
                0x0000000008004c10      0x134 Drivers/STM32F4xx_HAL_Driver/Src/stm32f4xx_hal_rcc.o
                0x0000000008004c10                HAL_RCC_ClockConfig
 .text.HAL_RCC_GetHCLKFreq
                0x0000000008004d44        0xc Drivers/STM32F4xx_HAL_Driver/Src/stm32f4xx_hal_rcc.o
                0x0000000008004d44                HAL_RCC_GetHCLKFreq
 .text.HAL_RCC_GetPCLK1Freq
                0x0000000008004d50       0x20 Drivers/STM32F4xx_HAL_Driver/Src/stm32f4xx_hal_rcc.o
                0x0000000008004d50                HAL_RCC_GetPCLK1Freq
 .text.HAL_RCC_GetPCLK2Freq
                0x0000000008004d70       0x20 Drivers/STM32F4xx_HAL_Driver/Src/stm32f4xx_hal_rcc.o
                0x0000000008004d70                HAL_RCC_GetPCLK2Freq
 .text.HAL_RCCEx_PeriphCLKConfig
                0x0000000008004d90      0x260 Drivers/STM32F4xx_HAL_Driver/Src/stm32f4xx_hal_rcc_ex.o
                0x0000000008004d90                HAL_RCCEx_PeriphCLKConfig
 .text.HAL_RCCEx_GetPeriphCLKFreq
                0x0000000008004ff0       0xcc Drivers/STM32F4xx_HAL_Driver/Src/stm32f4xx_hal_rcc_ex.o
                0x0000000008004ff0                HAL_RCCEx_GetPeriphCLKFreq
 .text.HAL_RCC_OscConfig
                0x00000000080050bc      0x308 Drivers/STM32F4xx_HAL_Driver/Src/stm32f4xx_hal_rcc_ex.o
                0x00000000080050bc                HAL_RCC_OscConfig
 .text.HAL_SD_ReadBlocks
                0x00000000080053c4      0x218 Drivers/STM32F4xx_HAL_Driver/Src/stm32f4xx_hal_sd.o
                0x00000000080053c4                HAL_SD_ReadBlocks
 .text.HAL_SD_WriteBlocks
                0x00000000080055dc      0x1ac Drivers/STM32F4xx_HAL_Driver/Src/stm32f4xx_hal_sd.o
                0x00000000080055dc                HAL_SD_WriteBlocks
 .text.HAL_SD_GetCardCSD
                0x0000000008005788      0x16c Drivers/STM32F4xx_HAL_Driver/Src/stm32f4xx_hal_sd.o
                0x0000000008005788                HAL_SD_GetCardCSD
 .text.HAL_SD_InitCard
                0x00000000080058f4      0x1e8 Drivers/STM32F4xx_HAL_Driver/Src/stm32f4xx_hal_sd.o
                0x00000000080058f4                HAL_SD_InitCard
 .text.HAL_SD_Init
                0x0000000008005adc       0x36 Drivers/STM32F4xx_HAL_Driver/Src/stm32f4xx_hal_sd.o
                0x0000000008005adc                HAL_SD_Init
 .text.HAL_SD_GetCardInfo
                0x0000000008005b12       0x24 Drivers/STM32F4xx_HAL_Driver/Src/stm32f4xx_hal_sd.o
                0x0000000008005b12                HAL_SD_GetCardInfo
 .text.HAL_SD_GetCardState
                0x0000000008005b36       0x28 Drivers/STM32F4xx_HAL_Driver/Src/stm32f4xx_hal_sd.o
                0x0000000008005b36                HAL_SD_GetCardState
 .text.SPI_WaitFlagStateUntilTimeout.constprop.7
                0x0000000008005b5e       0x76 Drivers/STM32F4xx_HAL_Driver/Src/stm32f4xx_hal_spi.o
 .text.SPI_EndRxTxTransaction
                0x0000000008005bd4       0x58 Drivers/STM32F4xx_HAL_Driver/Src/stm32f4xx_hal_spi.o
 .text.HAL_SPI_Init
                0x0000000008005c2c       0x7a Drivers/STM32F4xx_HAL_Driver/Src/stm32f4xx_hal_spi.o
                0x0000000008005c2c                HAL_SPI_Init
 .text.HAL_SPI_Transmit
                0x0000000008005ca6      0x150 Drivers/STM32F4xx_HAL_Driver/Src/stm32f4xx_hal_spi.o
                0x0000000008005ca6                HAL_SPI_Transmit
 *fill*         0x0000000008005df6        0x2 
 .text.TIM_OC1_SetConfig
                0x0000000008005df8       0x64 Drivers/STM32F4xx_HAL_Driver/Src/stm32f4xx_hal_tim.o
 .text.TIM_OC3_SetConfig
                0x0000000008005e5c       0x6c Drivers/STM32F4xx_HAL_Driver/Src/stm32f4xx_hal_tim.o
 .text.TIM_OC4_SetConfig
                0x0000000008005ec8       0x4c Drivers/STM32F4xx_HAL_Driver/Src/stm32f4xx_hal_tim.o
 .text.HAL_TIM_PeriodElapsedCallback
                0x0000000008005f14        0x2 Drivers/STM32F4xx_HAL_Driver/Src/stm32f4xx_hal_tim.o
                0x0000000008005f14                HAL_TIM_PeriodElapsedCallback
 .text.HAL_TIM_IC_CaptureCallback
                0x0000000008005f16        0x2 Drivers/STM32F4xx_HAL_Driver/Src/stm32f4xx_hal_tim.o
                0x0000000008005f16                HAL_TIM_IC_CaptureCallback
 .text.HAL_TIM_PWM_PulseFinishedCallback
                0x0000000008005f18        0x2 Drivers/STM32F4xx_HAL_Driver/Src/stm32f4xx_hal_tim.o
                0x0000000008005f18                HAL_TIM_PWM_PulseFinishedCallback
 .text.TIM_DMADelayPulseCplt
                0x0000000008005f1a       0x3c Drivers/STM32F4xx_HAL_Driver/Src/stm32f4xx_hal_tim.o
                0x0000000008005f1a                TIM_DMADelayPulseCplt
 .text.HAL_TIM_PWM_PulseFinishedHalfCpltCallback
                0x0000000008005f56        0x2 Drivers/STM32F4xx_HAL_Driver/Src/stm32f4xx_hal_tim.o
                0x0000000008005f56                HAL_TIM_PWM_PulseFinishedHalfCpltCallback
 .text.TIM_DMADelayPulseHalfCplt
                0x0000000008005f58       0x3c Drivers/STM32F4xx_HAL_Driver/Src/stm32f4xx_hal_tim.o
                0x0000000008005f58                TIM_DMADelayPulseHalfCplt
 .text.HAL_TIM_TriggerCallback
                0x0000000008005f94        0x2 Drivers/STM32F4xx_HAL_Driver/Src/stm32f4xx_hal_tim.o
                0x0000000008005f94                HAL_TIM_TriggerCallback
 .text.HAL_TIM_IRQHandler
                0x0000000008005f96      0x144 Drivers/STM32F4xx_HAL_Driver/Src/stm32f4xx_hal_tim.o
                0x0000000008005f96                HAL_TIM_IRQHandler
 .text.HAL_TIM_ErrorCallback
                0x00000000080060da        0x2 Drivers/STM32F4xx_HAL_Driver/Src/stm32f4xx_hal_tim.o
                0x00000000080060da                HAL_TIM_ErrorCallback
 .text.TIM_DMAError
                0x00000000080060dc       0x10 Drivers/STM32F4xx_HAL_Driver/Src/stm32f4xx_hal_tim.o
                0x00000000080060dc                TIM_DMAError
 .text.TIM_Base_SetConfig
                0x00000000080060ec       0xcc Drivers/STM32F4xx_HAL_Driver/Src/stm32f4xx_hal_tim.o
                0x00000000080060ec                TIM_Base_SetConfig
 .text.HAL_TIM_OC_Init
                0x00000000080061b8       0x34 Drivers/STM32F4xx_HAL_Driver/Src/stm32f4xx_hal_tim.o
                0x00000000080061b8                HAL_TIM_OC_Init
 .text.HAL_TIM_PWM_Init
                0x00000000080061ec       0x34 Drivers/STM32F4xx_HAL_Driver/Src/stm32f4xx_hal_tim.o
                0x00000000080061ec                HAL_TIM_PWM_Init
 .text.TIM_OC2_SetConfig
                0x0000000008006220       0x6c Drivers/STM32F4xx_HAL_Driver/Src/stm32f4xx_hal_tim.o
                0x0000000008006220                TIM_OC2_SetConfig
 .text.HAL_TIM_OC_ConfigChannel
                0x000000000800628c       0x5c Drivers/STM32F4xx_HAL_Driver/Src/stm32f4xx_hal_tim.o
                0x000000000800628c                HAL_TIM_OC_ConfigChannel
 .text.HAL_TIM_PWM_ConfigChannel
                0x00000000080062e8       0xc4 Drivers/STM32F4xx_HAL_Driver/Src/stm32f4xx_hal_tim.o
                0x00000000080062e8                HAL_TIM_PWM_ConfigChannel
 .text.TIM_CCxChannelCmd
                0x00000000080063ac       0x1c Drivers/STM32F4xx_HAL_Driver/Src/stm32f4xx_hal_tim.o
                0x00000000080063ac                TIM_CCxChannelCmd
 .text.HAL_TIM_OC_Start
                0x00000000080063c8       0x40 Drivers/STM32F4xx_HAL_Driver/Src/stm32f4xx_hal_tim.o
                0x00000000080063c8                HAL_TIM_OC_Start
 .text.HAL_TIM_OC_Start_IT
                0x0000000008006408       0x74 Drivers/STM32F4xx_HAL_Driver/Src/stm32f4xx_hal_tim.o
                0x0000000008006408                HAL_TIM_OC_Start_IT
 .text.HAL_TIM_OC_Start_DMA
                0x000000000800647c      0x110 Drivers/STM32F4xx_HAL_Driver/Src/stm32f4xx_hal_tim.o
                0x000000000800647c                HAL_TIM_OC_Start_DMA
 .text.HAL_TIM_PWM_Start_DMA
                0x000000000800658c        0x4 Drivers/STM32F4xx_HAL_Driver/Src/stm32f4xx_hal_tim.o
                0x000000000800658c                HAL_TIM_PWM_Start_DMA
 .text.HAL_TIMEx_MasterConfigSynchronization
                0x0000000008006590       0x84 Drivers/STM32F4xx_HAL_Driver/Src/stm32f4xx_hal_tim_ex.o
                0x0000000008006590                HAL_TIMEx_MasterConfigSynchronization
 .text.HAL_TIMEx_ConfigBreakDeadTime
                0x0000000008006614       0x4c Drivers/STM32F4xx_HAL_Driver/Src/stm32f4xx_hal_tim_ex.o
                0x0000000008006614                HAL_TIMEx_ConfigBreakDeadTime
 .text.HAL_TIMEx_CommutCallback
                0x0000000008006660        0x2 Drivers/STM32F4xx_HAL_Driver/Src/stm32f4xx_hal_tim_ex.o
                0x0000000008006660                HAL_TIMEx_CommutCallback
 .text.HAL_TIMEx_BreakCallback
                0x0000000008006662        0x2 Drivers/STM32F4xx_HAL_Driver/Src/stm32f4xx_hal_tim_ex.o
                0x0000000008006662                HAL_TIMEx_BreakCallback
 .text.UART_SetConfig
                0x0000000008006664       0xe0 Drivers/STM32F4xx_HAL_Driver/Src/stm32f4xx_hal_uart.o
 .text.HAL_UART_Init
                0x0000000008006744       0x5c Drivers/STM32F4xx_HAL_Driver/Src/stm32f4xx_hal_uart.o
                0x0000000008006744                HAL_UART_Init
 .text.SDMMC_GetCmdResp2
                0x00000000080067a0       0x50 Drivers/STM32F4xx_HAL_Driver/Src/stm32f4xx_ll_sdmmc.o
 .text.SDMMC_GetCmdResp3
                0x00000000080067f0       0x44 Drivers/STM32F4xx_HAL_Driver/Src/stm32f4xx_ll_sdmmc.o
 .text.SDMMC_GetCmdResp1
                0x0000000008006834      0x11c Drivers/STM32F4xx_HAL_Driver/Src/stm32f4xx_ll_sdmmc.o
 .text.SDIO_Init
                0x0000000008006950       0x38 Drivers/STM32F4xx_HAL_Driver/Src/stm32f4xx_ll_sdmmc.o
                0x0000000008006950                SDIO_Init
 .text.SDIO_ReadFIFO
                0x0000000008006988        0x6 Drivers/STM32F4xx_HAL_Driver/Src/stm32f4xx_ll_sdmmc.o
                0x0000000008006988                SDIO_ReadFIFO
 .text.SDIO_WriteFIFO
                0x000000000800698e        0xa Drivers/STM32F4xx_HAL_Driver/Src/stm32f4xx_ll_sdmmc.o
                0x000000000800698e                SDIO_WriteFIFO
 .text.SDIO_PowerState_ON
                0x0000000008006998       0x10 Drivers/STM32F4xx_HAL_Driver/Src/stm32f4xx_ll_sdmmc.o
                0x0000000008006998                SDIO_PowerState_ON
 .text.SDIO_GetPowerState
                0x00000000080069a8        0x8 Drivers/STM32F4xx_HAL_Driver/Src/stm32f4xx_ll_sdmmc.o
                0x00000000080069a8                SDIO_GetPowerState
 .text.SDIO_SendCommand
                0x00000000080069b0       0x26 Drivers/STM32F4xx_HAL_Driver/Src/stm32f4xx_ll_sdmmc.o
                0x00000000080069b0                SDIO_SendCommand
 .text.SDIO_GetResponse
                0x00000000080069d6        0x6 Drivers/STM32F4xx_HAL_Driver/Src/stm32f4xx_ll_sdmmc.o
                0x00000000080069d6                SDIO_GetResponse
 .text.SDIO_ConfigData
                0x00000000080069dc       0x26 Drivers/STM32F4xx_HAL_Driver/Src/stm32f4xx_ll_sdmmc.o
                0x00000000080069dc                SDIO_ConfigData
 .text.SDMMC_CmdBlockLength
                0x0000000008006a02       0x30 Drivers/STM32F4xx_HAL_Driver/Src/stm32f4xx_ll_sdmmc.o
                0x0000000008006a02                SDMMC_CmdBlockLength
 .text.SDMMC_CmdReadSingleBlock
                0x0000000008006a32       0x30 Drivers/STM32F4xx_HAL_Driver/Src/stm32f4xx_ll_sdmmc.o
                0x0000000008006a32                SDMMC_CmdReadSingleBlock
 .text.SDMMC_CmdReadMultiBlock
                0x0000000008006a62       0x30 Drivers/STM32F4xx_HAL_Driver/Src/stm32f4xx_ll_sdmmc.o
                0x0000000008006a62                SDMMC_CmdReadMultiBlock
 .text.SDMMC_CmdWriteSingleBlock
                0x0000000008006a92       0x30 Drivers/STM32F4xx_HAL_Driver/Src/stm32f4xx_ll_sdmmc.o
                0x0000000008006a92                SDMMC_CmdWriteSingleBlock
 .text.SDMMC_CmdWriteMultiBlock
                0x0000000008006ac2       0x30 Drivers/STM32F4xx_HAL_Driver/Src/stm32f4xx_ll_sdmmc.o
                0x0000000008006ac2                SDMMC_CmdWriteMultiBlock
 *fill*         0x0000000008006af2        0x2 
 .text.SDMMC_CmdStopTransfer
                0x0000000008006af4       0x34 Drivers/STM32F4xx_HAL_Driver/Src/stm32f4xx_ll_sdmmc.o
                0x0000000008006af4                SDMMC_CmdStopTransfer
 .text.SDMMC_CmdSelDesel
                0x0000000008006b28       0x30 Drivers/STM32F4xx_HAL_Driver/Src/stm32f4xx_ll_sdmmc.o
                0x0000000008006b28                SDMMC_CmdSelDesel
 .text.SDMMC_CmdGoIdleState
                0x0000000008006b58       0x50 Drivers/STM32F4xx_HAL_Driver/Src/stm32f4xx_ll_sdmmc.o
                0x0000000008006b58                SDMMC_CmdGoIdleState
 .text.SDMMC_CmdOperCond
                0x0000000008006ba8       0x80 Drivers/STM32F4xx_HAL_Driver/Src/stm32f4xx_ll_sdmmc.o
                0x0000000008006ba8                SDMMC_CmdOperCond
 .text.SDMMC_CmdAppCommand
                0x0000000008006c28       0x30 Drivers/STM32F4xx_HAL_Driver/Src/stm32f4xx_ll_sdmmc.o
                0x0000000008006c28                SDMMC_CmdAppCommand
 .text.SDMMC_CmdAppOperCommand
                0x0000000008006c58       0x32 Drivers/STM32F4xx_HAL_Driver/Src/stm32f4xx_ll_sdmmc.o
                0x0000000008006c58                SDMMC_CmdAppOperCommand
 .text.SDMMC_CmdSendCID
                0x0000000008006c8a       0x2a Drivers/STM32F4xx_HAL_Driver/Src/stm32f4xx_ll_sdmmc.o
                0x0000000008006c8a                SDMMC_CmdSendCID
 .text.SDMMC_CmdSendCSD
                0x0000000008006cb4       0x2a Drivers/STM32F4xx_HAL_Driver/Src/stm32f4xx_ll_sdmmc.o
                0x0000000008006cb4                SDMMC_CmdSendCSD
 *fill*         0x0000000008006cde        0x2 
 .text.SDMMC_CmdSetRelAdd
                0x0000000008006ce0       0xa0 Drivers/STM32F4xx_HAL_Driver/Src/stm32f4xx_ll_sdmmc.o
                0x0000000008006ce0                SDMMC_CmdSetRelAdd
 .text.SDMMC_CmdSendStatus
                0x0000000008006d80       0x30 Drivers/STM32F4xx_HAL_Driver/Src/stm32f4xx_ll_sdmmc.o
                0x0000000008006d80                SDMMC_CmdSendStatus
 .text.USB_CoreReset
                0x0000000008006db0       0x30 Drivers/STM32F4xx_HAL_Driver/Src/stm32f4xx_ll_usb.o
 .text.USB_CoreInit
                0x0000000008006de0       0x80 Drivers/STM32F4xx_HAL_Driver/Src/stm32f4xx_ll_usb.o
                0x0000000008006de0                USB_CoreInit
 .text.USB_SetTurnaroundTime
                0x0000000008006e60       0xe8 Drivers/STM32F4xx_HAL_Driver/Src/stm32f4xx_ll_usb.o
                0x0000000008006e60                USB_SetTurnaroundTime
 .text.USB_EnableGlobalInt
                0x0000000008006f48        0xc Drivers/STM32F4xx_HAL_Driver/Src/stm32f4xx_ll_usb.o
                0x0000000008006f48                USB_EnableGlobalInt
 .text.USB_DisableGlobalInt
                0x0000000008006f54        0xc Drivers/STM32F4xx_HAL_Driver/Src/stm32f4xx_ll_usb.o
                0x0000000008006f54                USB_DisableGlobalInt
 .text.USB_SetCurrentMode
                0x0000000008006f60       0x2e Drivers/STM32F4xx_HAL_Driver/Src/stm32f4xx_ll_usb.o
                0x0000000008006f60                USB_SetCurrentMode
 *fill*         0x0000000008006f8e        0x2 
 .text.USB_FlushTxFifo
                0x0000000008006f90       0x24 Drivers/STM32F4xx_HAL_Driver/Src/stm32f4xx_ll_usb.o
                0x0000000008006f90                USB_FlushTxFifo
 .text.USB_FlushRxFifo
                0x0000000008006fb4       0x20 Drivers/STM32F4xx_HAL_Driver/Src/stm32f4xx_ll_usb.o
                0x0000000008006fb4                USB_FlushRxFifo
 .text.USB_SetDevSpeed
                0x0000000008006fd4        0xe Drivers/STM32F4xx_HAL_Driver/Src/stm32f4xx_ll_usb.o
                0x0000000008006fd4                USB_SetDevSpeed
 *fill*         0x0000000008006fe2        0x2 
 .text.USB_DevInit
                0x0000000008006fe4      0x170 Drivers/STM32F4xx_HAL_Driver/Src/stm32f4xx_ll_usb.o
                0x0000000008006fe4                USB_DevInit
 .text.USB_GetDevSpeed
                0x0000000008007154       0x16 Drivers/STM32F4xx_HAL_Driver/Src/stm32f4xx_ll_usb.o
                0x0000000008007154                USB_GetDevSpeed
 .text.USB_ActivateEndpoint
                0x000000000800716a       0x7c Drivers/STM32F4xx_HAL_Driver/Src/stm32f4xx_ll_usb.o
                0x000000000800716a                USB_ActivateEndpoint
 *fill*         0x00000000080071e6        0x2 
 .text.USB_DeactivateEndpoint
                0x00000000080071e8       0xa4 Drivers/STM32F4xx_HAL_Driver/Src/stm32f4xx_ll_usb.o
                0x00000000080071e8                USB_DeactivateEndpoint
 .text.USB_EP0StartXfer
                0x000000000800728c       0xe8 Drivers/STM32F4xx_HAL_Driver/Src/stm32f4xx_ll_usb.o
                0x000000000800728c                USB_EP0StartXfer
 .text.USB_WritePacket
                0x0000000008007374       0x28 Drivers/STM32F4xx_HAL_Driver/Src/stm32f4xx_ll_usb.o
                0x0000000008007374                USB_WritePacket
 .text.USB_EPStartXfer
                0x000000000800739c      0x1b0 Drivers/STM32F4xx_HAL_Driver/Src/stm32f4xx_ll_usb.o
                0x000000000800739c                USB_EPStartXfer
 .text.USB_ReadPacket
                0x000000000800754c       0x1c Drivers/STM32F4xx_HAL_Driver/Src/stm32f4xx_ll_usb.o
                0x000000000800754c                USB_ReadPacket
 .text.USB_EPSetStall
                0x0000000008007568       0x56 Drivers/STM32F4xx_HAL_Driver/Src/stm32f4xx_ll_usb.o
                0x0000000008007568                USB_EPSetStall
 .text.USB_EPClearStall
                0x00000000080075be       0x52 Drivers/STM32F4xx_HAL_Driver/Src/stm32f4xx_ll_usb.o
                0x00000000080075be                USB_EPClearStall
 .text.USB_SetDevAddress
                0x0000000008007610       0x20 Drivers/STM32F4xx_HAL_Driver/Src/stm32f4xx_ll_usb.o
                0x0000000008007610                USB_SetDevAddress
 .text.USB_DevConnect
                0x0000000008007630       0x1c Drivers/STM32F4xx_HAL_Driver/Src/stm32f4xx_ll_usb.o
                0x0000000008007630                USB_DevConnect
 .text.USB_DevDisconnect
                0x000000000800764c       0x1c Drivers/STM32F4xx_HAL_Driver/Src/stm32f4xx_ll_usb.o
                0x000000000800764c                USB_DevDisconnect
 .text.USB_ReadInterrupts
                0x0000000008007668        0x8 Drivers/STM32F4xx_HAL_Driver/Src/stm32f4xx_ll_usb.o
                0x0000000008007668                USB_ReadInterrupts
 .text.USB_ReadDevAllOutEpInterrupt
                0x0000000008007670       0x10 Drivers/STM32F4xx_HAL_Driver/Src/stm32f4xx_ll_usb.o
                0x0000000008007670                USB_ReadDevAllOutEpInterrupt
 .text.USB_ReadDevAllInEpInterrupt
                0x0000000008007680       0x10 Drivers/STM32F4xx_HAL_Driver/Src/stm32f4xx_ll_usb.o
                0x0000000008007680                USB_ReadDevAllInEpInterrupt
 .text.USB_ReadDevOutEPInterrupt
                0x0000000008007690       0x12 Drivers/STM32F4xx_HAL_Driver/Src/stm32f4xx_ll_usb.o
                0x0000000008007690                USB_ReadDevOutEPInterrupt
 .text.USB_ReadDevInEPInterrupt
                0x00000000080076a2       0x24 Drivers/STM32F4xx_HAL_Driver/Src/stm32f4xx_ll_usb.o
                0x00000000080076a2                USB_ReadDevInEPInterrupt
 .text.USB_GetMode
                0x00000000080076c6        0x8 Drivers/STM32F4xx_HAL_Driver/Src/stm32f4xx_ll_usb.o
                0x00000000080076c6                USB_GetMode
 .text.USB_ActivateSetup
                0x00000000080076ce       0x20 Drivers/STM32F4xx_HAL_Driver/Src/stm32f4xx_ll_usb.o
                0x00000000080076ce                USB_ActivateSetup
 *fill*         0x00000000080076ee        0x2 
 .text.USB_EP0_OutStart
                0x00000000080076f0       0x4c Drivers/STM32F4xx_HAL_Driver/Src/stm32f4xx_ll_usb.o
                0x00000000080076f0                USB_EP0_OutStart
 .text.MX_FATFS_Init
                0x000000000800773c       0x1c FATFS/App/fatfs.o
                0x000000000800773c                MX_FATFS_Init
 .text.get_fattime
                0x0000000008007758        0x4 FATFS/App/fatfs.o
                0x0000000008007758                get_fattime
 .text.BSP_SD_ReadBlocks
                0x000000000800775c       0x20 FATFS/Target/bsp_driver_sd.o
                0x000000000800775c                BSP_SD_ReadBlocks
 .text.BSP_SD_WriteBlocks
                0x000000000800777c       0x20 FATFS/Target/bsp_driver_sd.o
                0x000000000800777c                BSP_SD_WriteBlocks
 .text.BSP_SD_GetCardState
                0x000000000800779c       0x14 FATFS/Target/bsp_driver_sd.o
                0x000000000800779c                BSP_SD_GetCardState
 .text.BSP_SD_GetCardInfo
                0x00000000080077b0        0xc FATFS/Target/bsp_driver_sd.o
                0x00000000080077b0                BSP_SD_GetCardInfo
 .text.BSP_SD_IsDetected
                0x00000000080077bc       0x1c FATFS/Target/bsp_driver_sd.o
                0x00000000080077bc                BSP_SD_IsDetected
 .text.BSP_SD_Init
                0x00000000080077d8       0x1c FATFS/Target/bsp_driver_sd.o
                0x00000000080077d8                BSP_SD_Init
 .text.BSP_PlatformIsDetected
                0x00000000080077f4       0x18 FATFS/Target/fatfs_platform.o
                0x00000000080077f4                BSP_PlatformIsDetected
 .text.SD_CheckStatus.isra.0
                0x000000000800780c       0x20 FATFS/Target/sd_diskio.o
 .text.SD_initialize
                0x000000000800782c       0x1c FATFS/Target/sd_diskio.o
                0x000000000800782c                SD_initialize
 .text.SD_status
                0x0000000008007848        0x4 FATFS/Target/sd_diskio.o
                0x0000000008007848                SD_status
 .text.SD_read  0x000000000800784c       0x20 FATFS/Target/sd_diskio.o
                0x000000000800784c                SD_read
 .text.SD_ioctl
                0x000000000800786c       0x50 FATFS/Target/sd_diskio.o
                0x000000000800786c                SD_ioctl
 .text.SD_write
                0x00000000080078bc       0x20 FATFS/Target/sd_diskio.o
                0x00000000080078bc                SD_write
 .text.USBD_MSC_GetHSCfgDesc
                0x00000000080078dc        0xc Middlewares/ST/STM32_USB_Device_Library/Class/MSC/Src/usbd_msc.o
                0x00000000080078dc                USBD_MSC_GetHSCfgDesc
 .text.USBD_MSC_GetFSCfgDesc
                0x00000000080078e8        0xc Middlewares/ST/STM32_USB_Device_Library/Class/MSC/Src/usbd_msc.o
                0x00000000080078e8                USBD_MSC_GetFSCfgDesc
 .text.USBD_MSC_GetOtherSpeedCfgDesc
                0x00000000080078f4        0xc Middlewares/ST/STM32_USB_Device_Library/Class/MSC/Src/usbd_msc.o
                0x00000000080078f4                USBD_MSC_GetOtherSpeedCfgDesc
 .text.USBD_MSC_GetDeviceQualifierDescriptor
                0x0000000008007900        0xc Middlewares/ST/STM32_USB_Device_Library/Class/MSC/Src/usbd_msc.o
                0x0000000008007900                USBD_MSC_GetDeviceQualifierDescriptor
 .text.USBD_MSC_Init
                0x000000000800790c       0x5e Middlewares/ST/STM32_USB_Device_Library/Class/MSC/Src/usbd_msc.o
                0x000000000800790c                USBD_MSC_Init
 .text.USBD_MSC_DeInit
                0x000000000800796a       0x32 Middlewares/ST/STM32_USB_Device_Library/Class/MSC/Src/usbd_msc.o
                0x000000000800796a                USBD_MSC_DeInit
 .text.USBD_MSC_Setup
                0x000000000800799c      0x10c Middlewares/ST/STM32_USB_Device_Library/Class/MSC/Src/usbd_msc.o
                0x000000000800799c                USBD_MSC_Setup
 .text.USBD_MSC_DataIn
                0x0000000008007aa8        0xa Middlewares/ST/STM32_USB_Device_Library/Class/MSC/Src/usbd_msc.o
                0x0000000008007aa8                USBD_MSC_DataIn
 .text.USBD_MSC_DataOut
                0x0000000008007ab2        0xa Middlewares/ST/STM32_USB_Device_Library/Class/MSC/Src/usbd_msc.o
                0x0000000008007ab2                USBD_MSC_DataOut
 .text.USBD_MSC_RegisterStorage
                0x0000000008007abc        0xe Middlewares/ST/STM32_USB_Device_Library/Class/MSC/Src/usbd_msc.o
                0x0000000008007abc                USBD_MSC_RegisterStorage
 .text.MSC_BOT_Abort
                0x0000000008007aca       0x42 Middlewares/ST/STM32_USB_Device_Library/Class/MSC/Src/usbd_msc_bot.o
 .text.MSC_BOT_Init
                0x0000000008007b0c       0x3e Middlewares/ST/STM32_USB_Device_Library/Class/MSC/Src/usbd_msc_bot.o
                0x0000000008007b0c                MSC_BOT_Init
 .text.MSC_BOT_Reset
                0x0000000008007b4a       0x2e Middlewares/ST/STM32_USB_Device_Library/Class/MSC/Src/usbd_msc_bot.o
                0x0000000008007b4a                MSC_BOT_Reset
 .text.MSC_BOT_DeInit
                0x0000000008007b78        0xa Middlewares/ST/STM32_USB_Device_Library/Class/MSC/Src/usbd_msc_bot.o
                0x0000000008007b78                MSC_BOT_DeInit
 *fill*         0x0000000008007b82        0x2 
 .text.MSC_BOT_SendCSW
                0x0000000008007b84       0x38 Middlewares/ST/STM32_USB_Device_Library/Class/MSC/Src/usbd_msc_bot.o
                0x0000000008007b84                MSC_BOT_SendCSW
 .text.MSC_BOT_DataIn
                0x0000000008007bbc       0x36 Middlewares/ST/STM32_USB_Device_Library/Class/MSC/Src/usbd_msc_bot.o
                0x0000000008007bbc                MSC_BOT_DataIn
 *fill*         0x0000000008007bf2        0x2 
 .text.MSC_BOT_DataOut
                0x0000000008007bf4       0xd4 Middlewares/ST/STM32_USB_Device_Library/Class/MSC/Src/usbd_msc_bot.o
                0x0000000008007bf4                MSC_BOT_DataOut
 .text.MSC_BOT_CplClrFeature
                0x0000000008007cc8       0x34 Middlewares/ST/STM32_USB_Device_Library/Class/MSC/Src/usbd_msc_bot.o
                0x0000000008007cc8                MSC_BOT_CplClrFeature
 .text.SCSI_SenseCode.constprop.8
                0x0000000008007cfc       0x30 Middlewares/ST/STM32_USB_Device_Library/Class/MSC/Src/usbd_msc_scsi.o
 .text.SCSI_ProcessWrite
                0x0000000008007d2c       0x9a Middlewares/ST/STM32_USB_Device_Library/Class/MSC/Src/usbd_msc_scsi.o
 .text.SCSI_ProcessRead
                0x0000000008007dc6       0x8e Middlewares/ST/STM32_USB_Device_Library/Class/MSC/Src/usbd_msc_scsi.o
 .text.SCSI_CheckAddressRange
                0x0000000008007e54       0x22 Middlewares/ST/STM32_USB_Device_Library/Class/MSC/Src/usbd_msc_scsi.o
 *fill*         0x0000000008007e76        0x2 
 .text.SCSI_ProcessCmd
                0x0000000008007e78      0x508 Middlewares/ST/STM32_USB_Device_Library/Class/MSC/Src/usbd_msc_scsi.o
                0x0000000008007e78                SCSI_ProcessCmd
 .text.SCSI_SenseCode
                0x0000000008008380       0x30 Middlewares/ST/STM32_USB_Device_Library/Class/MSC/Src/usbd_msc_scsi.o
                0x0000000008008380                SCSI_SenseCode
 .text.USBD_Init
                0x00000000080083b0       0x30 Middlewares/ST/STM32_USB_Device_Library/Core/Src/usbd_core.o
                0x00000000080083b0                USBD_Init
 .text.USBD_RegisterClass
                0x00000000080083e0       0x26 Middlewares/ST/STM32_USB_Device_Library/Core/Src/usbd_core.o
                0x00000000080083e0                USBD_RegisterClass
 .text.USBD_Start
                0x0000000008008406        0x4 Middlewares/ST/STM32_USB_Device_Library/Core/Src/usbd_core.o
                0x0000000008008406                USBD_Start
 .text.USBD_Stop
                0x000000000800840a       0x26 Middlewares/ST/STM32_USB_Device_Library/Core/Src/usbd_core.o
                0x000000000800840a                USBD_Stop
 .text.USBD_SetClassConfig
                0x0000000008008430        0xe Middlewares/ST/STM32_USB_Device_Library/Core/Src/usbd_core.o
                0x0000000008008430                USBD_SetClassConfig
 .text.USBD_ClrClassConfig
                0x000000000800843e       0x10 Middlewares/ST/STM32_USB_Device_Library/Core/Src/usbd_core.o
                0x000000000800843e                USBD_ClrClassConfig
 .text.USBD_LL_SetupStage
                0x000000000800844e       0x60 Middlewares/ST/STM32_USB_Device_Library/Core/Src/usbd_core.o
                0x000000000800844e                USBD_LL_SetupStage
 .text.USBD_LL_DataOutStage
                0x00000000080084ae       0x66 Middlewares/ST/STM32_USB_Device_Library/Core/Src/usbd_core.o
                0x00000000080084ae                USBD_LL_DataOutStage
 .text.USBD_LL_DataInStage
                0x0000000008008514       0x9c Middlewares/ST/STM32_USB_Device_Library/Core/Src/usbd_core.o
                0x0000000008008514                USBD_LL_DataInStage
 .text.USBD_LL_Reset
                0x00000000080085b0       0x50 Middlewares/ST/STM32_USB_Device_Library/Core/Src/usbd_core.o
                0x00000000080085b0                USBD_LL_Reset
 .text.USBD_LL_SetSpeed
                0x0000000008008600        0x6 Middlewares/ST/STM32_USB_Device_Library/Core/Src/usbd_core.o
                0x0000000008008600                USBD_LL_SetSpeed
 .text.USBD_LL_Suspend
                0x0000000008008606       0x12 Middlewares/ST/STM32_USB_Device_Library/Core/Src/usbd_core.o
                0x0000000008008606                USBD_LL_Suspend
 .text.USBD_LL_Resume
                0x0000000008008618       0x14 Middlewares/ST/STM32_USB_Device_Library/Core/Src/usbd_core.o
                0x0000000008008618                USBD_LL_Resume
 .text.USBD_LL_SOF
                0x000000000800862c       0x18 Middlewares/ST/STM32_USB_Device_Library/Core/Src/usbd_core.o
                0x000000000800862c                USBD_LL_SOF
 .text.USBD_LL_IsoINIncomplete
                0x0000000008008644        0x4 Middlewares/ST/STM32_USB_Device_Library/Core/Src/usbd_core.o
                0x0000000008008644                USBD_LL_IsoINIncomplete
 .text.USBD_LL_IsoOUTIncomplete
                0x0000000008008648        0x4 Middlewares/ST/STM32_USB_Device_Library/Core/Src/usbd_core.o
                0x0000000008008648                USBD_LL_IsoOUTIncomplete
 .text.USBD_LL_DevConnected
                0x000000000800864c        0x4 Middlewares/ST/STM32_USB_Device_Library/Core/Src/usbd_core.o
                0x000000000800864c                USBD_LL_DevConnected
 .text.USBD_LL_DevDisconnected
                0x0000000008008650       0x18 Middlewares/ST/STM32_USB_Device_Library/Core/Src/usbd_core.o
                0x0000000008008650                USBD_LL_DevDisconnected
 .text.USBD_CtlError.constprop.1
                0x0000000008008668       0x16 Middlewares/ST/STM32_USB_Device_Library/Core/Src/usbd_ctlreq.o
 *fill*         0x000000000800867e        0x2 
 .text.USBD_StdDevReq
                0x0000000008008680      0x280 Middlewares/ST/STM32_USB_Device_Library/Core/Src/usbd_ctlreq.o
                0x0000000008008680                USBD_StdDevReq
 .text.USBD_StdItfReq
                0x0000000008008900       0x4e Middlewares/ST/STM32_USB_Device_Library/Core/Src/usbd_ctlreq.o
                0x0000000008008900                USBD_StdItfReq
 .text.USBD_StdEPReq
                0x000000000800894e      0x124 Middlewares/ST/STM32_USB_Device_Library/Core/Src/usbd_ctlreq.o
                0x000000000800894e                USBD_StdEPReq
 .text.USBD_ParseSetupRequest
                0x0000000008008a72       0x28 Middlewares/ST/STM32_USB_Device_Library/Core/Src/usbd_ctlreq.o
                0x0000000008008a72                USBD_ParseSetupRequest
 .text.USBD_CtlError
                0x0000000008008a9a       0x16 Middlewares/ST/STM32_USB_Device_Library/Core/Src/usbd_ctlreq.o
                0x0000000008008a9a                USBD_CtlError
 .text.USBD_GetString
                0x0000000008008ab0       0x38 Middlewares/ST/STM32_USB_Device_Library/Core/Src/usbd_ctlreq.o
                0x0000000008008ab0                USBD_GetString
 .text.USBD_CtlSendData
                0x0000000008008ae8       0x1a Middlewares/ST/STM32_USB_Device_Library/Core/Src/usbd_ioreq.o
                0x0000000008008ae8                USBD_CtlSendData
 .text.USBD_CtlContinueSendData
                0x0000000008008b02       0x10 Middlewares/ST/STM32_USB_Device_Library/Core/Src/usbd_ioreq.o
                0x0000000008008b02                USBD_CtlContinueSendData
 .text.USBD_CtlContinueRx
                0x0000000008008b12       0x10 Middlewares/ST/STM32_USB_Device_Library/Core/Src/usbd_ioreq.o
                0x0000000008008b12                USBD_CtlContinueRx
 .text.USBD_CtlSendStatus
                0x0000000008008b22       0x16 Middlewares/ST/STM32_USB_Device_Library/Core/Src/usbd_ioreq.o
                0x0000000008008b22                USBD_CtlSendStatus
 .text.USBD_CtlReceiveStatus
                0x0000000008008b38       0x16 Middlewares/ST/STM32_USB_Device_Library/Core/Src/usbd_ioreq.o
                0x0000000008008b38                USBD_CtlReceiveStatus
 *fill*         0x0000000008008b4e        0x2 
 .text.disk_status
                0x0000000008008b50       0x14 Middlewares/Third_Party/FatFs/src/diskio.o
                0x0000000008008b50                disk_status
 .text.disk_initialize
                0x0000000008008b64       0x20 Middlewares/Third_Party/FatFs/src/diskio.o
                0x0000000008008b64                disk_initialize
 .text.disk_read
                0x0000000008008b84       0x1c Middlewares/Third_Party/FatFs/src/diskio.o
                0x0000000008008b84                disk_read
 .text.disk_write
                0x0000000008008ba0       0x1c Middlewares/Third_Party/FatFs/src/diskio.o
                0x0000000008008ba0                disk_write
 .text.disk_ioctl
                0x0000000008008bbc       0x1c Middlewares/Third_Party/FatFs/src/diskio.o
                0x0000000008008bbc                disk_ioctl
 .text.ld_dword
                0x0000000008008bd8       0x10 Middlewares/Third_Party/FatFs/src/ff.o
 .text.st_dword
                0x0000000008008be8       0x10 Middlewares/Third_Party/FatFs/src/ff.o
 .text.mem_set  0x0000000008008bf8        0xc Middlewares/Third_Party/FatFs/src/ff.o
 .text.chk_lock
                0x0000000008008c04       0x58 Middlewares/Third_Party/FatFs/src/ff.o
 .text.inc_lock
                0x0000000008008c5c       0x80 Middlewares/Third_Party/FatFs/src/ff.o
 .text.dec_lock
                0x0000000008008cdc       0x38 Middlewares/Third_Party/FatFs/src/ff.o
 .text.clust2sect
                0x0000000008008d14       0x16 Middlewares/Third_Party/FatFs/src/ff.o
 .text.clmt_clust
                0x0000000008008d2a       0x28 Middlewares/Third_Party/FatFs/src/ff.o
 .text.sum_sfn  0x0000000008008d52       0x1e Middlewares/Third_Party/FatFs/src/ff.o
 .text.get_achar
                0x0000000008008d70       0x2c Middlewares/Third_Party/FatFs/src/ff.o
 .text.pattern_matching
                0x0000000008008d9c       0x9a Middlewares/Third_Party/FatFs/src/ff.o
 .text.get_ldnumber
                0x0000000008008e36       0x30 Middlewares/Third_Party/FatFs/src/ff.o
 .text.validate
                0x0000000008008e66       0x34 Middlewares/Third_Party/FatFs/src/ff.o
 .text.mem_cpy.part.0
                0x0000000008008e9a       0x12 Middlewares/Third_Party/FatFs/src/ff.o
 .text.ld_clust.isra.1
                0x0000000008008eac       0x1c Middlewares/Third_Party/FatFs/src/ff.o
 .text.st_clust.isra.2
                0x0000000008008ec8       0x18 Middlewares/Third_Party/FatFs/src/ff.o
 .text.sync_window.part.3
                0x0000000008008ee0       0x46 Middlewares/Third_Party/FatFs/src/ff.o
 .text.sync_window
                0x0000000008008f26        0xc Middlewares/Third_Party/FatFs/src/ff.o
 .text.move_window
                0x0000000008008f32       0x36 Middlewares/Third_Party/FatFs/src/ff.o
 .text.check_fs
                0x0000000008008f68       0x80 Middlewares/Third_Party/FatFs/src/ff.o
 .text.find_volume
                0x0000000008008fe8      0x2e8 Middlewares/Third_Party/FatFs/src/ff.o
 .text.put_fat  0x00000000080092d0      0x128 Middlewares/Third_Party/FatFs/src/ff.o
 .text.get_fat.isra.7
                0x00000000080093f8       0xe0 Middlewares/Third_Party/FatFs/src/ff.o
 .text.dir_sdi  0x00000000080094d8       0x8a Middlewares/Third_Party/FatFs/src/ff.o
 .text.create_chain
                0x0000000008009562       0xb0 Middlewares/Third_Party/FatFs/src/ff.o
 .text.remove_chain
                0x0000000008009612       0x6e Middlewares/Third_Party/FatFs/src/ff.o
 .text.sync_fs  0x0000000008009680       0x94 Middlewares/Third_Party/FatFs/src/ff.o
 .text.get_fileinfo
                0x0000000008009714       0xe4 Middlewares/Third_Party/FatFs/src/ff.o
 .text.dir_next
                0x00000000080097f8       0xf8 Middlewares/Third_Party/FatFs/src/ff.o
 .text.dir_remove
                0x00000000080098f0       0x4e Middlewares/Third_Party/FatFs/src/ff.o
 *fill*         0x000000000800993e        0x2 
 .text.dir_find
                0x0000000008009940      0x164 Middlewares/Third_Party/FatFs/src/ff.o
 .text.dir_register
                0x0000000008009aa4      0x26c Middlewares/Third_Party/FatFs/src/ff.o
 .text.dir_read.constprop.11
                0x0000000008009d10      0x128 Middlewares/Third_Party/FatFs/src/ff.o
 .text.follow_path
                0x0000000008009e38      0x270 Middlewares/Third_Party/FatFs/src/ff.o
 .text.f_mount  0x000000000800a0a8       0x6c Middlewares/Third_Party/FatFs/src/ff.o
                0x000000000800a0a8                f_mount
 .text.f_open   0x000000000800a114      0x228 Middlewares/Third_Party/FatFs/src/ff.o
                0x000000000800a114                f_open
 .text.f_read   0x000000000800a33c      0x17e Middlewares/Third_Party/FatFs/src/ff.o
                0x000000000800a33c                f_read
 .text.f_write  0x000000000800a4ba      0x1ae Middlewares/Third_Party/FatFs/src/ff.o
                0x000000000800a4ba                f_write
 .text.f_sync   0x000000000800a668       0x90 Middlewares/Third_Party/FatFs/src/ff.o
                0x000000000800a668                f_sync
 .text.f_close  0x000000000800a6f8       0x22 Middlewares/Third_Party/FatFs/src/ff.o
                0x000000000800a6f8                f_close
 .text.f_lseek  0x000000000800a71a      0x24c Middlewares/Third_Party/FatFs/src/ff.o
                0x000000000800a71a                f_lseek
 .text.f_opendir
                0x000000000800a966       0x86 Middlewares/Third_Party/FatFs/src/ff.o
                0x000000000800a966                f_opendir
 .text.f_closedir
                0x000000000800a9ec       0x28 Middlewares/Third_Party/FatFs/src/ff.o
                0x000000000800a9ec                f_closedir
 .text.f_readdir
                0x000000000800aa14       0x40 Middlewares/Third_Party/FatFs/src/ff.o
                0x000000000800aa14                f_readdir
 .text.f_findnext
                0x000000000800aa54       0x30 Middlewares/Third_Party/FatFs/src/ff.o
                0x000000000800aa54                f_findnext
 .text.f_findfirst
                0x000000000800aa84       0x1e Middlewares/Third_Party/FatFs/src/ff.o
                0x000000000800aa84                f_findfirst
 .text.f_unlink
                0x000000000800aaa2       0xaa Middlewares/Third_Party/FatFs/src/ff.o
                0x000000000800aaa2                f_unlink
 .text.f_gets   0x000000000800ab4c       0x4a Middlewares/Third_Party/FatFs/src/ff.o
                0x000000000800ab4c                f_gets
 *fill*         0x000000000800ab96        0x2 
 .text.FATFS_LinkDriverEx
                0x000000000800ab98       0x44 Middlewares/Third_Party/FatFs/src/ff_gen_drv.o
                0x000000000800ab98                FATFS_LinkDriverEx
 .text.FATFS_LinkDriver
                0x000000000800abdc        0x6 Middlewares/Third_Party/FatFs/src/ff_gen_drv.o
                0x000000000800abdc                FATFS_LinkDriver
 *fill*         0x000000000800abe2        0x2 
 .text.ff_convert
                0x000000000800abe4       0x3c Middlewares/Third_Party/FatFs/src/option/ccsbcs.o
                0x000000000800abe4                ff_convert
 .text.ff_wtoupper
                0x000000000800ac20       0x84 Middlewares/Third_Party/FatFs/src/option/ccsbcs.o
                0x000000000800ac20                ff_wtoupper
 .text.MX_USB_DEVICE_Init
                0x000000000800aca4       0x50 USB_DEVICE/App/usb_device.o
                0x000000000800aca4                MX_USB_DEVICE_Init
 .text.USBD_FS_DeviceDescriptor
                0x000000000800acf4        0xc USB_DEVICE/App/usbd_desc.o
                0x000000000800acf4                USBD_FS_DeviceDescriptor
 .text.USBD_FS_LangIDStrDescriptor
                0x000000000800ad00        0xc USB_DEVICE/App/usbd_desc.o
                0x000000000800ad00                USBD_FS_LangIDStrDescriptor
 .text.IntToUnicode
                0x000000000800ad0c       0x2a USB_DEVICE/App/usbd_desc.o
 *fill*         0x000000000800ad36        0x2 
 .text.USBD_FS_SerialStrDescriptor
                0x000000000800ad38       0x40 USB_DEVICE/App/usbd_desc.o
                0x000000000800ad38                USBD_FS_SerialStrDescriptor
 .text.USBD_FS_ManufacturerStrDescriptor
                0x000000000800ad78       0x1c USB_DEVICE/App/usbd_desc.o
                0x000000000800ad78                USBD_FS_ManufacturerStrDescriptor
 .text.USBD_FS_ProductStrDescriptor
                0x000000000800ad94       0x1c USB_DEVICE/App/usbd_desc.o
                0x000000000800ad94                USBD_FS_ProductStrDescriptor
 .text.USBD_FS_ConfigStrDescriptor
                0x000000000800adb0       0x1c USB_DEVICE/App/usbd_desc.o
                0x000000000800adb0                USBD_FS_ConfigStrDescriptor
 .text.USBD_FS_InterfaceStrDescriptor
                0x000000000800adcc       0x1c USB_DEVICE/App/usbd_desc.o
                0x000000000800adcc                USBD_FS_InterfaceStrDescriptor
 .text.STORAGE_Init_FS
                0x000000000800ade8        0x4 USB_DEVICE/App/usbd_storage_if.o
 .text.STORAGE_GetMaxLun_FS
                0x000000000800adec        0x4 USB_DEVICE/App/usbd_storage_if.o
 .text.STORAGE_Write_FS
                0x000000000800adf0       0x24 USB_DEVICE/App/usbd_storage_if.o
 .text.STORAGE_Read_FS
                0x000000000800ae14       0x24 USB_DEVICE/App/usbd_storage_if.o
 .text.STORAGE_GetCapacity_FS
                0x000000000800ae38       0x30 USB_DEVICE/App/usbd_storage_if.o
 .text.STORAGE_IsWriteProtected_FS
                0x000000000800ae68        0x4 USB_DEVICE/App/usbd_storage_if.o
 .text.STORAGE_IsReady_FS
                0x000000000800ae6c        0x4 USB_DEVICE/App/usbd_storage_if.o
 .text.HAL_PCD_MspInit
                0x000000000800ae70       0x84 USB_DEVICE/Target/usbd_conf.o
                0x000000000800ae70                HAL_PCD_MspInit
 .text.HAL_PCD_SetupStageCallback
                0x000000000800aef4        0xc USB_DEVICE/Target/usbd_conf.o
                0x000000000800aef4                HAL_PCD_SetupStageCallback
 .text.HAL_PCD_DataOutStageCallback
                0x000000000800af00       0x12 USB_DEVICE/Target/usbd_conf.o
                0x000000000800af00                HAL_PCD_DataOutStageCallback
 .text.HAL_PCD_DataInStageCallback
                0x000000000800af12       0x10 USB_DEVICE/Target/usbd_conf.o
                0x000000000800af12                HAL_PCD_DataInStageCallback
 .text.HAL_PCD_SOFCallback
                0x000000000800af22        0x8 USB_DEVICE/Target/usbd_conf.o
                0x000000000800af22                HAL_PCD_SOFCallback
 .text.HAL_PCD_ResetCallback
                0x000000000800af2a       0x24 USB_DEVICE/Target/usbd_conf.o
                0x000000000800af2a                HAL_PCD_ResetCallback
 *fill*         0x000000000800af4e        0x2 
 .text.HAL_PCD_SuspendCallback
                0x000000000800af50       0x30 USB_DEVICE/Target/usbd_conf.o
                0x000000000800af50                HAL_PCD_SuspendCallback
 .text.HAL_PCD_ResumeCallback
                0x000000000800af80        0x8 USB_DEVICE/Target/usbd_conf.o
                0x000000000800af80                HAL_PCD_ResumeCallback
 .text.HAL_PCD_ISOOUTIncompleteCallback
                0x000000000800af88        0x8 USB_DEVICE/Target/usbd_conf.o
                0x000000000800af88                HAL_PCD_ISOOUTIncompleteCallback
 .text.HAL_PCD_ISOINIncompleteCallback
                0x000000000800af90        0x8 USB_DEVICE/Target/usbd_conf.o
                0x000000000800af90                HAL_PCD_ISOINIncompleteCallback
 .text.HAL_PCD_ConnectCallback
                0x000000000800af98        0x8 USB_DEVICE/Target/usbd_conf.o
                0x000000000800af98                HAL_PCD_ConnectCallback
 .text.HAL_PCD_DisconnectCallback
                0x000000000800afa0        0x8 USB_DEVICE/Target/usbd_conf.o
                0x000000000800afa0                HAL_PCD_DisconnectCallback
 .text.USBD_LL_Init
                0x000000000800afa8       0x60 USB_DEVICE/Target/usbd_conf.o
                0x000000000800afa8                USBD_LL_Init
 .text.USBD_LL_Start
                0x000000000800b008       0x1c USB_DEVICE/Target/usbd_conf.o
                0x000000000800b008                USBD_LL_Start
 .text.USBD_LL_Stop
                0x000000000800b024       0x1c USB_DEVICE/Target/usbd_conf.o
                0x000000000800b024                USBD_LL_Stop
 .text.USBD_LL_OpenEP
                0x000000000800b040       0x20 USB_DEVICE/Target/usbd_conf.o
                0x000000000800b040                USBD_LL_OpenEP
 .text.USBD_LL_CloseEP
                0x000000000800b060       0x1c USB_DEVICE/Target/usbd_conf.o
                0x000000000800b060                USBD_LL_CloseEP
 .text.USBD_LL_FlushEP
                0x000000000800b07c       0x1c USB_DEVICE/Target/usbd_conf.o
                0x000000000800b07c                USBD_LL_FlushEP
 .text.USBD_LL_StallEP
                0x000000000800b098       0x1c USB_DEVICE/Target/usbd_conf.o
                0x000000000800b098                USBD_LL_StallEP
 .text.USBD_LL_ClearStallEP
                0x000000000800b0b4       0x1c USB_DEVICE/Target/usbd_conf.o
                0x000000000800b0b4                USBD_LL_ClearStallEP
 .text.USBD_LL_IsStallEP
                0x000000000800b0d0       0x26 USB_DEVICE/Target/usbd_conf.o
                0x000000000800b0d0                USBD_LL_IsStallEP
 *fill*         0x000000000800b0f6        0x2 
 .text.USBD_LL_SetUSBAddress
                0x000000000800b0f8       0x1c USB_DEVICE/Target/usbd_conf.o
                0x000000000800b0f8                USBD_LL_SetUSBAddress
 .text.USBD_LL_Transmit
                0x000000000800b114       0x1c USB_DEVICE/Target/usbd_conf.o
                0x000000000800b114                USBD_LL_Transmit
 .text.USBD_LL_PrepareReceive
                0x000000000800b130       0x1c USB_DEVICE/Target/usbd_conf.o
                0x000000000800b130                USBD_LL_PrepareReceive
 .text.USBD_LL_GetRxDataSize
                0x000000000800b14c        0x8 USB_DEVICE/Target/usbd_conf.o
                0x000000000800b14c                USBD_LL_GetRxDataSize
 .text.src236_reset
                0x000000000800b154       0x18 C:\Users\turum\GoogleDrive\Monofon\monofoneScreen_f412\Middlewares\ST\STM32_Audio\Addons\SRC236\Lib\libSRC236_CM4_GCC.a(src236.o)
                0x000000000800b154                src236_reset
 .text.src236_setParam
                0x000000000800b16c        0x8 C:\Users\turum\GoogleDrive\Monofon\monofoneScreen_f412\Middlewares\ST\STM32_Audio\Addons\SRC236\Lib\libSRC236_CM4_GCC.a(src236.o)
                0x000000000800b16c                src236_setParam
 .text.src236_process
                0x000000000800b174      0x448 C:\Users\turum\GoogleDrive\Monofon\monofoneScreen_f412\Middlewares\ST\STM32_Audio\Addons\SRC236\Lib\libSRC236_CM4_GCC.a(src236.o)
                0x000000000800b174                src236_process
 .text.src441_reset
                0x000000000800b5bc       0x20 C:\Users\turum\GoogleDrive\Monofon\monofoneScreen_f412\Middlewares\ST\STM32_Audio\Addons\SRC441\Lib\libSRC441_CM4_GCC.a(src441.o)
                0x000000000800b5bc                src441_reset
 .text.src441_setParam
                0x000000000800b5dc        0x4 C:\Users\turum\GoogleDrive\Monofon\monofoneScreen_f412\Middlewares\ST\STM32_Audio\Addons\SRC441\Lib\libSRC441_CM4_GCC.a(src441.o)
                0x000000000800b5dc                src441_setParam
 .text.src441_process
                0x000000000800b5e0      0xb78 C:\Users\turum\GoogleDrive\Monofon\monofoneScreen_f412\Middlewares\ST\STM32_Audio\Addons\SRC441\Lib\libSRC441_CM4_GCC.a(src441.o)
                0x000000000800b5e0                src441_process
 .text.gam_reset
                0x000000000800c158       0xe0 C:\Users\turum\GoogleDrive\Monofon\monofoneScreen_f412\Middlewares\ST\STM32_Audio\Addons\GAM\Lib\libGAM_CM4_GCC.a(gam.o)
                0x000000000800c158                gam_reset
 .text.gam_setConfig
                0x000000000800c238      0x2dc C:\Users\turum\GoogleDrive\Monofon\monofoneScreen_f412\Middlewares\ST\STM32_Audio\Addons\GAM\Lib\libGAM_CM4_GCC.a(gam.o)
                0x000000000800c238                gam_setConfig
 .text.gam_process
                0x000000000800c514      0x3d4 C:\Users\turum\GoogleDrive\Monofon\monofoneScreen_f412\Middlewares\ST\STM32_Audio\Addons\GAM\Lib\libGAM_CM4_GCC.a(gam.o)
                0x000000000800c514                gam_process
 .text.atoi     0x000000000800c8e8        0x8 c:/st/stm32cubeide_1.4.0/stm32cubeide/plugins/com.st.stm32cube.ide.mcu.externaltools.gnu-tools-for-stm32.7-2018-q2-update.win32_1.4.0.202007081208/tools/bin/../lib/gcc/arm-none-eabi/7.3.1/../../../../arm-none-eabi/lib/thumb/v7e-m/fpv4-sp/hard\libc_nano.a(lib_a-atoi.o)
                0x000000000800c8e8                atoi
 .text.__errno  0x000000000800c8f0        0xc c:/st/stm32cubeide_1.4.0/stm32cubeide/plugins/com.st.stm32cube.ide.mcu.externaltools.gnu-tools-for-stm32.7-2018-q2-update.win32_1.4.0.202007081208/tools/bin/../lib/gcc/arm-none-eabi/7.3.1/../../../../arm-none-eabi/lib/thumb/v7e-m/fpv4-sp/hard\libc_nano.a(lib_a-errno.o)
                0x000000000800c8f0                __errno
 .text.__sflush_r
                0x000000000800c8fc      0x10c c:/st/stm32cubeide_1.4.0/stm32cubeide/plugins/com.st.stm32cube.ide.mcu.externaltools.gnu-tools-for-stm32.7-2018-q2-update.win32_1.4.0.202007081208/tools/bin/../lib/gcc/arm-none-eabi/7.3.1/../../../../arm-none-eabi/lib/thumb/v7e-m/fpv4-sp/hard\libc_nano.a(lib_a-fflush.o)
                0x000000000800c8fc                __sflush_r
 .text._fflush_r
                0x000000000800ca08       0x54 c:/st/stm32cubeide_1.4.0/stm32cubeide/plugins/com.st.stm32cube.ide.mcu.externaltools.gnu-tools-for-stm32.7-2018-q2-update.win32_1.4.0.202007081208/tools/bin/../lib/gcc/arm-none-eabi/7.3.1/../../../../arm-none-eabi/lib/thumb/v7e-m/fpv4-sp/hard\libc_nano.a(lib_a-fflush.o)
                0x000000000800ca08                _fflush_r
 .text.std      0x000000000800ca5c       0x48 c:/st/stm32cubeide_1.4.0/stm32cubeide/plugins/com.st.stm32cube.ide.mcu.externaltools.gnu-tools-for-stm32.7-2018-q2-update.win32_1.4.0.202007081208/tools/bin/../lib/gcc/arm-none-eabi/7.3.1/../../../../arm-none-eabi/lib/thumb/v7e-m/fpv4-sp/hard\libc_nano.a(lib_a-findfp.o)
 .text._cleanup_r
                0x000000000800caa4        0xc c:/st/stm32cubeide_1.4.0/stm32cubeide/plugins/com.st.stm32cube.ide.mcu.externaltools.gnu-tools-for-stm32.7-2018-q2-update.win32_1.4.0.202007081208/tools/bin/../lib/gcc/arm-none-eabi/7.3.1/../../../../arm-none-eabi/lib/thumb/v7e-m/fpv4-sp/hard\libc_nano.a(lib_a-findfp.o)
                0x000000000800caa4                _cleanup_r
 .text.__sfmoreglue
                0x000000000800cab0       0x2c c:/st/stm32cubeide_1.4.0/stm32cubeide/plugins/com.st.stm32cube.ide.mcu.externaltools.gnu-tools-for-stm32.7-2018-q2-update.win32_1.4.0.202007081208/tools/bin/../lib/gcc/arm-none-eabi/7.3.1/../../../../arm-none-eabi/lib/thumb/v7e-m/fpv4-sp/hard\libc_nano.a(lib_a-findfp.o)
                0x000000000800cab0                __sfmoreglue
 .text.__sinit  0x000000000800cadc       0x60 c:/st/stm32cubeide_1.4.0/stm32cubeide/plugins/com.st.stm32cube.ide.mcu.externaltools.gnu-tools-for-stm32.7-2018-q2-update.win32_1.4.0.202007081208/tools/bin/../lib/gcc/arm-none-eabi/7.3.1/../../../../arm-none-eabi/lib/thumb/v7e-m/fpv4-sp/hard\libc_nano.a(lib_a-findfp.o)
                0x000000000800cadc                __sinit
 .text.__sfp    0x000000000800cb3c       0x78 c:/st/stm32cubeide_1.4.0/stm32cubeide/plugins/com.st.stm32cube.ide.mcu.externaltools.gnu-tools-for-stm32.7-2018-q2-update.win32_1.4.0.202007081208/tools/bin/../lib/gcc/arm-none-eabi/7.3.1/../../../../arm-none-eabi/lib/thumb/v7e-m/fpv4-sp/hard\libc_nano.a(lib_a-findfp.o)
                0x000000000800cb3c                __sfp
 .text._fwalk_reent
                0x000000000800cbb4       0x3c c:/st/stm32cubeide_1.4.0/stm32cubeide/plugins/com.st.stm32cube.ide.mcu.externaltools.gnu-tools-for-stm32.7-2018-q2-update.win32_1.4.0.202007081208/tools/bin/../lib/gcc/arm-none-eabi/7.3.1/../../../../arm-none-eabi/lib/thumb/v7e-m/fpv4-sp/hard\libc_nano.a(lib_a-fwalk.o)
                0x000000000800cbb4                _fwalk_reent
 .text.__libc_init_array
                0x000000000800cbf0       0x48 c:/st/stm32cubeide_1.4.0/stm32cubeide/plugins/com.st.stm32cube.ide.mcu.externaltools.gnu-tools-for-stm32.7-2018-q2-update.win32_1.4.0.202007081208/tools/bin/../lib/gcc/arm-none-eabi/7.3.1/../../../../arm-none-eabi/lib/thumb/v7e-m/fpv4-sp/hard\libc_nano.a(lib_a-init.o)
                0x000000000800cbf0                __libc_init_array
 .text.__locale_ctype_ptr_l
                0x000000000800cc38        0x6 c:/st/stm32cubeide_1.4.0/stm32cubeide/plugins/com.st.stm32cube.ide.mcu.externaltools.gnu-tools-for-stm32.7-2018-q2-update.win32_1.4.0.202007081208/tools/bin/../lib/gcc/arm-none-eabi/7.3.1/../../../../arm-none-eabi/lib/thumb/v7e-m/fpv4-sp/hard\libc_nano.a(lib_a-locale.o)
                0x000000000800cc38                __locale_ctype_ptr_l
 *fill*         0x000000000800cc3e        0x2 
 .text.__locale_ctype_ptr